[2026-08-20 15:21:19] 微信自动回复机器人 v1.0  (uiautomation )
[2026-08-20 15:21:19] 当前配置: 群=青龙面板交流群 关键词=['广电'] 回复=联通已封堵
[2026-08-20 15:21:21] 微信窗口: Name='微信' Class='Qt51514QWindowIcon'
[2026-08-20 15:21:21] 开始输出控件树（最多 8 层）...
[2026-08-20 15:21:21] 控件树已保存: C:\Users\b2522\WorkBuddy\自动回复\wechat-autoreply\ui_tree.txt（共 53 行）
[2026-08-20 15:21:21] 提示：把 ui_tree.txt 内容发给我，我会据此优化控件定位。
[2026-08-20 15:28:36] ===== 启动 OCR测试 =====
[2026-08-20 15:28:36] 群: 青龙面板交流群 | 关键词: ['广电'] | 回复: 联通已封堵
[2026-08-20 15:28:38] 找到窗口: 微信 (Qt51514QWindowIcon)
[2026-08-20 15:28:38] 正在切换到群: 青龙面板交流群
[2026-08-20 15:28:44] 进入 OCR 测试模式，截取底部聊天区域并输出识别结果...
[2026-08-20 15:28:46] --- 第 1 次扫描 ---
[2026-08-20 15:32:59] ===== 启动 OCR测试 =====
[2026-08-20 15:32:59] 群: 租赁云-八月网安行动安全协同 | 关键词: ['广电'] | 回复: 联通已封堵
[2026-08-20 15:32:59] 已定位到目标群聊窗口: 租赁云-八月网安行动安全协同
[2026-08-20 15:33:00] 进入 OCR 测试模式，截取底部聊天区域并输出识别结果...
[2026-08-20 15:33:00] --- 第 1 次扫描 ---
[2026-08-20 15:35:56] ===== 启动 OCR测试 =====
[2026-08-20 15:35:56] 群: 租赁云-八月网安行动安全协同 | 关键词: ['广电'] | 回复: 联通已封堵
[2026-08-20 15:35:56] 已定位到目标群聊窗口: 租赁云-八月网安行动安全协同
[2026-08-20 15:35:56] 进入 OCR 测试模式，截取聊天区域并输出识别结果...
[2026-08-20 15:35:58] --- 第 1 次扫描，共 35 行 ---
[2026-08-20 15:37:01] ===== 启动 OCR测试 =====
[2026-08-20 15:37:01] 群: 租赁云-八月网安行动安全协同 | 关键词: ['广电'] | 回复: 联通已封堵
[2026-08-20 15:37:02] 已定位到目标群聊窗口: 租赁云-八月网安行动安全协同
[2026-08-20 15:37:02] 进入 OCR 测试模式，截取聊天区域并输出识别结果...
[2026-08-20 15:37:04] --- 第 1 次扫描，共 23 行 ---
[2026-08-20 15:42:49] ===== 启动 监听 =====
[2026-08-20 15:42:49] 群: 青龙面板交流群 | 关键词: ['广电'] | 回复: 联通已封堵
[2026-08-20 15:42:49] 已定位到目标群聊窗口: 青龙面板交流群
[2026-08-20 15:42:50] 首次扫描完成，已记录 5 条可见消息作为基线
[2026-08-20 15:43:18] [触发] 广电
[2026-08-20 15:43:19] [已回复] 联通已封堵
[2026-08-20 15:45:22] ===== 启动 监听 =====
[2026-08-20 15:45:22] 群: 青龙面板交流群 | 关键词: ['广电'] | 回复: 联通已封堵
[2026-08-20 15:45:23] 已定位到目标群聊窗口: 青龙面板交流群
[2026-08-20 15:45:24] 首次扫描完成，已记录 5 条可见消息作为基线
[2026-08-20 15:45:36] [触发] 广电已封堵
[2026-08-20 15:45:38] [已回复] 联通已封堵
[2026-08-20 15:45:42] [触发] [触发］广电已封堵
[2026-08-20 15:45:44] [已回复] 联通已封堵
[2026-08-20 15:51:03] ===== 启动 OCR测试 =====
[2026-08-20 15:51:03] 群: 青龙面板交流群 | 关键词: ['广电已封堵', '自建云已封堵'] | 回复: 联通已封堵
[2026-08-20 15:51:03] 策略: 检测后随机延迟 60-120s 发送；每 15 分钟最多回复 1 条
[2026-08-20 15:51:03] 已定位到目标群聊窗口: 青龙面板交流群
[2026-08-20 15:51:03] 进入 OCR 测试模式，截取聊天区域并输出识别结果...
[2026-08-20 15:51:03] --- 第 1 次扫描，共 0 行 ---
[2026-08-20 15:51:30] 已定位到目标群聊窗口: 青龙面板交流群
[2026-08-20 15:51:51] 已定位到目标群聊窗口: 青龙面板交流群
[2026-08-20 15:53:58] ===== 启动 OCR测试 =====
[2026-08-20 15:53:58] 群: 青龙面板交流群 | 关键词: ['广电已封堵', '自建云已封堵'] | 回复: 联通已封堵
[2026-08-20 15:53:58] 策略: 检测后随机延迟 60-120s 发送；每 15 分钟最多回复 1 条
[2026-08-20 15:53:59] 已定位到目标群聊窗口: 青龙面板交流群
[2026-08-20 15:54:01] 进入 OCR 测试模式，截取聊天区域并输出识别结果...
[2026-08-20 15:54:03] --- 第 1 次扫描，共 7 行 ---
[2026-08-20 15:58:39] ===== 启动 监听 =====
[2026-08-20 15:58:39] 群: 青龙面板交流群 | 关键词: ['广电已封堵', '自建云已封堵'] | 回复: 联通已封堵
[2026-08-20 15:58:39] 策略: 检测后随机延迟 60-120s 发送；每 15 分钟最多回复 1 条
[2026-08-20 15:58:40] 已定位到目标群聊窗口: 青龙面板交流群
[2026-08-20 15:59:22] ===== 启动 监听 =====
[2026-08-20 15:59:22] 群: 青龙面板交流群 | 关键词: ['广电已封堵', '自建云已封堵'] | 回复: 联通已封堵
[2026-08-20 15:59:22] 策略: 检测后随机延迟 60-120s 发送；每 15 分钟最多回复 1 条
[2026-08-20 15:59:23] 已定位到目标群聊窗口: 青龙面板交流群
[2026-08-20 15:59:26] 首次扫描完成，已记录 4 条可见消息作为基线
[2026-08-20 16:00:01] [计划] 检测到触发「广电已封堵」，将在 93s（约 1.6 分钟）后回复
[2026-08-20 16:01:38] [已回复] 联通已封堵
[2026-08-20 16:01:45] [警告] 聊天窗口未就绪，2 秒后重新定位窗口...
[2026-08-20 16:01:47] [提示] 找到的群聊窗口未就绪，尝试重新打开...
[2026-08-20 16:01:48] 尝试通过搜索打开群（第 1 次）: 青龙面板交流群
[2026-08-20 16:01:56] 已打开目标群聊窗口
[2026-08-20 16:04:56] 已手动停止
[2026-08-20 16:05:02] ===== 启动 监听 =====
[2026-08-20 16:05:02] 群: 青龙面板交流群 | 关键词: ['广电已封堵', '自建云已封堵'] | 回复: 联通已封堵
[2026-08-20 16:05:02] 策略: 检测后随机延迟 60-120s 发送；每 15 分钟最多回复 1 条
[2026-08-20 16:05:03] 已定位到目标群聊窗口: 青龙面板交流群
[2026-08-20 16:05:07] 首次扫描完成，已记录 4 条可见消息作为基线
[2026-08-20 16:07:06] 已手动停止
[2026-08-20 16:07:20] ===== 启动 监听 =====
[2026-08-20 16:07:20] 群: 测试群 | 关键词: ['广电已封堵', '自建云已封堵', '电信租赁云已封堵'] | 回复: 联通已封堵
[2026-08-20 16:07:20] 策略: 检测后随机延迟 60-120s 发送；每 15 分钟最多回复 1 条
[2026-08-20 16:07:24] 尝试通过搜索打开群（第 1 次）: 测试群
[2026-08-20 16:07:46] 尝试通过搜索打开群（第 2 次）: 测试群
[2026-08-20 16:08:06] [失败] 未能通过搜索打开目标群聊，请手动打开该群聊窗口后再运行脚本
[2026-08-20 16:08:06] [错误] 未能打开目标群聊，请手动打开该群聊窗口后再运行脚本
[2026-08-20 16:08:43] ===== 启动 监听 =====
[2026-08-20 16:08:43] 群: 测试群 | 关键词: ['广电已封堵', '自建云已封堵', '电信租赁云已封堵'] | 回复: 联通已封堵
[2026-08-20 16:08:43] 策略: 检测后随机延迟 60-120s 发送；每 15 分钟最多回复 1 条
[2026-08-20 16:08:45] 已定位到目标群聊窗口: 测试群
[2026-08-20 16:08:48] 首次扫描完成，已记录 4 条可见消息作为基线
[2026-08-20 16:11:47] 已手动停止
[2026-08-20 16:13:08] ===== 启动 监听 =====
[2026-08-20 16:13:08] 群: 租赁云-八月网安行动安全协同 | 关键词: ['广电已封堵', '自建云已封堵', '电信租赁云已封堵'] | 回复: 联通已封堵
[2026-08-20 16:13:08] 策略: 检测后随机延迟 60-120s 发送；每 15 分钟最多回复 1 条
[2026-08-20 16:13:10] 已定位到目标群聊窗口: 租赁云-八月网安行动安全协同
[2026-08-20 16:13:14] 首次扫描完成，已记录 5 条可见消息作为基线
[2026-08-20 16:13:45] [计划] 检测到触发「广电已封堵」，将在 62s（约 1.0 分钟）后回复
[2026-08-20 16:15:21] [已回复] 联通已封堵
[2026-08-20 16:18:26] [警告] 群聊窗口丢失，5 秒后重连...
[2026-08-20 16:18:35] 尝试通过搜索打开群（第 1 次）: 租赁云-八月网安行动安全协同
[2026-08-20 16:18:57] 尝试通过搜索打开群（第 2 次）: 租赁云-八月网安行动安全协同
[2026-08-20 16:19:05] 已打开目标群聊窗口
[2026-08-20 16:19:06] 首次扫描完成，已记录 13 条可见消息作为基线
[2026-08-20 16:22:56] 已手动停止
[2026-08-20 16:35:50] ===== 启动 监听 =====
[2026-08-20 16:35:50] 群: 租赁云-八月网安行动安全协同 | 关键词: ['广电已封堵', '自建云已封堵', '电信租赁云已封堵'] | 回复: 联通已封堵
[2026-08-20 16:35:50] 策略: 检测后随机延迟 30-60s 发送；每 5 分钟最多回复 1 条
[2026-08-20 16:35:51] 已定位到目标群聊窗口: 租赁云-八月网安行动安全协同
[2026-08-20 16:35:55] 首次扫描完成，已记录 4 条可见消息作为基线
[2026-08-20 16:42:59] [计划] 检测到触发「自建云已封堵」，将在 42s（约 0.7 分钟）后回复
[2026-08-20 16:43:50] [已回复] 联通已封堵
[2026-08-20 16:45:12] [跳过] 5 分钟内已回复过，忽略触发: 电信租赁云已封堵
[2026-08-20 16:46:14] 已手动停止
[2026-08-20 16:46:30] ===== 启动 监听 =====
[2026-08-20 16:46:30] 群: 租赁云-八月网安行动安全协同 | 关键词: ['广电已封堵', '自建云已封堵', '电信租赁云已封堵'] | 回复: 联通已封堵
[2026-08-20 16:46:30] 策略: 检测后随机延迟 30-60s 发送；每 5 分钟最多回复 1 条
[2026-08-20 16:46:32] 已定位到目标群聊窗口: 租赁云-八月网安行动安全协同
[2026-08-20 16:46:36] 首次扫描完成，已记录 5 条可见消息作为基线
[2026-08-20 16:55:28] 已手动停止
[2026-08-20 16:58:09] ===== 启动 OCR测试 =====
[2026-08-20 16:58:09] 群: 租赁云-八月网安行动安全协同 | 关键词: ['广电已封堵', '自建云已封堵', '电信租赁云已封堵'] | 回复: 联通已封堵
[2026-08-20 16:58:09] 策略: 检测后随机延迟 30-60s 发送；每 5 分钟最多回复 1 条
[2026-08-20 16:58:09] 健壮性: 每 60s 滚到底部；连续 3 次 OCR 为空则重定位窗口
[2026-08-20 16:58:11] 已定位到目标群聊窗口: 租赁云-八月网安行动安全协同
[2026-08-20 16:58:13] 进入 OCR 测试模式，截取聊天区域并输出识别结果...
[2026-08-20 16:58:16] --- 第 1 次扫描，共 21 行 ---
[2026-08-20 16:58:21] --- 第 2 次扫描，共 21 行 ---
[2026-08-20 16:58:27] --- 第 3 次扫描，共 21 行 ---
[2026-08-20 16:58:33] --- 第 4 次扫描，共 21 行 ---
[2026-08-20 16:58:39] --- 第 5 次扫描，共 21 行 ---
[2026-08-20 16:58:57] ===== 启动 监听 =====
[2026-08-20 16:58:57] 群: 租赁云-八月网安行动安全协同 | 关键词: ['广电已封堵', '自建云已封堵', '电信租赁云已封堵'] | 回复: 联通已封堵
[2026-08-20 16:58:57] 策略: 检测后随机延迟 30-60s 发送；每 5 分钟最多回复 1 条
[2026-08-20 16:58:57] 健壮性: 每 60s 滚到底部；连续 3 次 OCR 为空则重定位窗口
[2026-08-20 16:58:59] 已定位到目标群聊窗口: 租赁云-八月网安行动安全协同
[2026-08-20 16:59:07] 首次扫描完成，已记录 20 条可见消息作为基线
[2026-08-20 16:59:07] --once 模式结束
[2026-08-20 17:01:03] ===== 启动 监听 =====
[2026-08-20 17:01:03] 群: 租赁云-八月网安行动安全协同 | 关键词: ['广电已封堵', '自建云已封堵', '电信租赁云已封堵'] | 回复: 联通已封堵
[2026-08-20 17:01:03] 策略: 检测后随机延迟 30-60s 发送；每 5 分钟最多回复 1 条
[2026-08-20 17:01:03] 健壮性: 每 60s 滚到底部；连续 3 次 OCR 为空则重定位窗口
[2026-08-20 17:01:05] 已定位到目标群聊窗口: 租赁云-八月网安行动安全协同
[2026-08-20 17:01:11] 首次扫描完成，已记录 19 条可见消息作为基线
[2026-08-20 17:02:15] 首次扫描完成，已记录 28 条可见消息作为基线
[2026-08-20 17:03:22] 首次扫描完成，已记录 44 条可见消息作为基线
[2026-08-20 17:04:25] 首次扫描完成，已记录 44 条可见消息作为基线
[2026-08-20 17:05:29] 首次扫描完成，已记录 46 条可见消息作为基线
[2026-08-20 17:06:34] 首次扫描完成，已记录 48 条可见消息作为基线
[2026-08-20 17:07:34] 首次扫描完成，已记录 50 条可见消息作为基线
[2026-08-20 17:08:34] 首次扫描完成，已记录 62 条可见消息作为基线
[2026-08-20 17:09:39] 首次扫描完成，已记录 78 条可见消息作为基线
[2026-08-20 17:10:41] 首次扫描完成，已记录 84 条可见消息作为基线
[2026-08-20 17:11:42] 首次扫描完成，已记录 85 条可见消息作为基线
[2026-08-20 17:12:42] 首次扫描完成，已记录 85 条可见消息作为基线
[2026-08-20 17:13:34] 已手动停止
[2026-08-20 17:14:45] 已定位到目标群聊窗口: 租赁云-八月网安行动安全协同
[2026-08-20 17:15:06] 已定位到目标群聊窗口: 租赁云-八月网安行动安全协同
[2026-08-20 17:18:28] ===== 启动 监听 =====
[2026-08-20 17:18:28] 群: 租赁云-八月网安行动安全协同 | 关键词: ['广电已封堵', '自建云已封堵', '电信租赁云已封堵'] | 回复: 联通已封堵
[2026-08-20 17:18:28] 策略: 检测后随机延迟 30-60s 发送；每 5 分钟最多回复 1 条
[2026-08-20 17:18:28] 健壮性: 每 60s 滚到底部；连续 3 次 OCR 为空则重定位窗口
[2026-08-20 17:18:30] 已定位到目标群聊窗口: 租赁云-八月网安行动安全协同
[2026-08-20 17:18:39] 首次扫描完成，已记录 32 条可见消息作为基线
[2026-08-20 17:18:39] --once 模式结束
[2026-08-20 17:19:07] ===== 启动 监听 =====
[2026-08-20 17:19:07] 群: 租赁云-八月网安行动安全协同 | 关键词: ['广电已封堵', '自建云已封堵', '电信租赁云已封堵'] | 回复: 联通已封堵
[2026-08-20 17:19:07] 策略: 检测后随机延迟 30-60s 发送；每 5 分钟最多回复 1 条
[2026-08-20 17:19:07] 健壮性: 每 60s 滚到底部；连续 3 次 OCR 为空则重定位窗口
[2026-08-20 17:19:08] 已定位到目标群聊窗口: 租赁云-八月网安行动安全协同
[2026-08-20 17:19:18] 首次扫描完成，已记录 29 条可见消息作为基线
[2026-08-20 17:22:45] ===== 启动 监听 =====
[2026-08-20 17:22:45] 群: 租赁云-八月网安行动安全协同 | 关键词: ['广电已封堵', '自建云已封堵', '电信租赁云已封堵'] | 回复: 联通已封堵
[2026-08-20 17:22:45] 策略: 检测后随机延迟 30-60s 发送；每 5 分钟最多回复 1 条
[2026-08-20 17:22:45] 健壮性: 每 60s 滚到底部；连续 3 次 OCR 为空则重定位窗口
[2026-08-20 17:22:46] 已定位到目标群聊窗口: 租赁云-八月网安行动安全协同
[2026-08-20 17:22:53] 首次扫描完成，已记录 32 条可见消息作为基线
[2026-08-20 17:23:54] 首次扫描完成，已记录 31 条可见消息作为基线
[2026-08-20 17:24:58] 首次扫描完成，已记录 31 条可见消息作为基线
[2026-08-20 17:26:04] 首次扫描完成，已记录 31 条可见消息作为基线
[2026-08-20 17:27:09] 首次扫描完成，已记录 31 条可见消息作为基线
[2026-08-20 17:28:15] 首次扫描完成，已记录 31 条可见消息作为基线
[2026-08-20 17:29:17] 首次扫描完成，已记录 21 条可见消息作为基线
[2026-08-20 17:30:17] 首次扫描完成，已记录 18 条可见消息作为基线
[2026-08-20 17:31:19] 首次扫描完成，已记录 34 条可见消息作为基线
[2026-08-20 17:32:21] 首次扫描完成，已记录 33 条可见消息作为基线
[2026-08-20 17:33:23] 首次扫描完成，已记录 21 条可见消息作为基线
[2026-08-20 17:33:41] [计划] 检测到触发「广电已封堵」，将在 35s 后回复
[2026-08-20 17:34:20] [已回复] 联通已封堵
[2026-08-20 17:34:29] 首次扫描完成，已记录 23 条可见消息作为基线
[2026-08-20 17:35:34] 首次扫描完成，已记录 23 条可见消息作为基线
[2026-08-20 17:36:39] 首次扫描完成，已记录 23 条可见消息作为基线
[2026-08-20 17:37:44] 首次扫描完成，已记录 20 条可见消息作为基线
[2026-08-20 17:38:49] 首次扫描完成，已记录 20 条可见消息作为基线
[2026-08-20 17:39:52] 首次扫描完成，已记录 17 条可见消息作为基线
[2026-08-20 17:40:54] 首次扫描完成，已记录 16 条可见消息作为基线
[2026-08-20 17:41:59] 首次扫描完成，已记录 16 条可见消息作为基线
[2026-08-20 17:43:04] 首次扫描完成，已记录 16 条可见消息作为基线
[2026-08-20 17:44:08] 首次扫描完成，已记录 16 条可见消息作为基线
[2026-08-20 17:45:08] 首次扫描完成，已记录 17 条可见消息作为基线
[2026-08-20 17:46:13] 首次扫描完成，已记录 17 条可见消息作为基线
[2026-08-20 17:46:58] [计划] 检测到触发「广电已封堵」，将在 46s 后回复
[2026-08-20 17:47:18] 首次扫描完成，已记录 17 条可见消息作为基线
[2026-08-20 17:47:49] [已回复] 联通已封堵
[2026-08-20 17:48:20] 首次扫描完成，已记录 17 条可见消息作为基线
[2026-08-20 17:48:48] [跳过] 5 分钟内已回复过，忽略触发: 自建云已封堵
[2026-08-20 17:49:25] 首次扫描完成，已记录 17 条可见消息作为基线
[2026-08-20 17:50:30] 首次扫描完成，已记录 17 条可见消息作为基线
[2026-08-20 17:50:35] [跳过] 5 分钟内已回复过，忽略触发: 广电已封堵
[2026-08-20 17:50:35] [跳过] 5 分钟内已回复过，忽略触发: 自建云已封堵
[2026-08-20 17:51:34] 首次扫描完成，已记录 17 条可见消息作为基线
[2026-08-20 17:52:35] 首次扫描完成，已记录 16 条可见消息作为基线
[2026-08-20 17:53:40] 首次扫描完成，已记录 16 条可见消息作为基线
[2026-08-20 17:54:44] 首次扫描完成，已记录 16 条可见消息作为基线
[2026-08-20 17:55:45] 首次扫描完成，已记录 15 条可见消息作为基线
[2026-08-20 17:56:52] 首次扫描完成，已记录 20 条可见消息作为基线
[2026-08-20 17:57:21] [计划] 检测到触发「广电已封堵」，将在 45s 后回复
[2026-08-20 17:57:53] 首次扫描完成，已记录 19 条可见消息作为基线
[2026-08-20 17:58:08] [已回复] 联通已封堵
[2026-08-20 17:58:57] 首次扫描完成，已记录 19 条可见消息作为基线
[2026-08-20 17:59:20] [跳过] 5 分钟内已回复过，忽略触发: 自建云已封堵
[2026-08-20 18:00:02] 首次扫描完成，已记录 21 条可见消息作为基线
[2026-08-20 18:01:08] 首次扫描完成，已记录 21 条可见消息作为基线
[2026-08-20 18:02:13] 首次扫描完成，已记录 21 条可见消息作为基线
[2026-08-20 18:03:13] 首次扫描完成，已记录 21 条可见消息作为基线
[2026-08-20 18:04:18] 首次扫描完成，已记录 21 条可见消息作为基线
[2026-08-20 18:05:23] 首次扫描完成，已记录 21 条可见消息作为基线
[2026-08-20 18:06:29] 首次扫描完成，已记录 21 条可见消息作为基线
[2026-08-20 18:07:34] 首次扫描完成，已记录 21 条可见消息作为基线
[2026-08-20 18:08:39] 首次扫描完成，已记录 21 条可见消息作为基线
[2026-08-20 18:09:45] 首次扫描完成，已记录 21 条可见消息作为基线
[2026-08-20 18:10:45] 首次扫描完成，已记录 17 条可见消息作为基线
[2026-08-20 18:11:47] 首次扫描完成，已记录 20 条可见消息作为基线
[2026-08-20 18:12:48] 首次扫描完成，已记录 20 条可见消息作为基线
[2026-08-20 18:12:54] [计划] 检测到触发「广电已封堵」，将在 59s 后回复
[2026-08-20 18:13:49] 首次扫描完成，已记录 20 条可见消息作为基线
[2026-08-20 18:13:58] [已回复] 联通已封堵
[2026-08-21 10:24:24] ===== 启动 监听 =====
[2026-08-21 10:24:24] 群: 租赁云-八月网安行动安全协同 | 关键词: ['广电已封堵', '自建云已封堵', '电信租赁云已封堵'] | 回复: 联通已封堵
[2026-08-21 10:24:24] 策略: 检测后随机延迟 30-60s 发送；每 5 分钟最多回复 1 条
[2026-08-21 10:24:24] 健壮性: 每 60s 滚到底部；连续 3 次 OCR 为空则重定位窗口
[2026-08-21 10:24:37] ===== 启动 监听 =====
[2026-08-21 10:24:37] 群: 租赁云-八月网安行动安全协同 | 关键词: ['广电已封堵', '自建云已封堵', '电信租赁云已封堵'] | 回复: 联通已封堵
[2026-08-21 10:24:37] 策略: 检测后随机延迟 30-60s 发送；每 5 分钟最多回复 1 条
[2026-08-21 10:24:37] 健壮性: 每 60s 滚到底部；连续 3 次 OCR 为空则重定位窗口
[2026-08-21 10:25:48] ===== 启动 监听 =====
[2026-08-21 10:25:48] 群: 测试群 | 关键词: ['广电已封堵', '自建云已封堵', '电信租赁云已封堵'] | 回复: 联通已封堵
[2026-08-21 10:25:48] 策略: 检测后随机延迟 1-60s 发送；每 1 分钟最多回复 1 条
[2026-08-21 10:25:48] 健壮性: 每 60s 滚到底部；连续 3 次 OCR 为空则重定位窗口
[2026-08-21 10:25:52] 尝试通过搜索打开群（第 1 次）: 测试群
[2026-08-21 10:26:00] 已打开目标群聊窗口
[2026-08-21 10:26:06] 首次扫描完成，已记录 11 条可见消息作为基线
[2026-08-21 10:27:10] 首次扫描完成，已记录 11 条可见消息作为基线
[2026-08-21 10:27:38] 已手动停止
[2026-08-21 10:27:46] ===== 启动 监听 =====
[2026-08-21 10:27:46] 群: 测试群 | 关键词: ['广电已封堵', '自建云已封堵', '电信租赁云已封堵'] | 回复: 联通已封堵
[2026-08-21 10:27:46] 策略: 检测后随机延迟 1-60s 发送；每 1 分钟最多回复 1 条
[2026-08-21 10:27:46] 健壮性: 每 60s 滚到底部；连续 3 次 OCR 为空则重定位窗口
[2026-08-21 10:27:48] 尝试通过搜索打开群（第 1 次）: 测试群
[2026-08-21 10:27:55] 已打开目标群聊窗口
[2026-08-21 10:28:02] 首次扫描完成，已记录 11 条可见消息作为基线
[2026-08-21 10:29:06] 首次扫描完成，已记录 10 条可见消息作为基线
[2026-08-21 10:29:22] [提示] 窗口被最小化，自动恢复...
[2026-08-21 10:29:23] 首次扫描完成，已记录 10 条可见消息作为基线
[2026-08-21 10:30:08] 首次扫描完成，已记录 11 条可见消息作为基线
[2026-08-21 10:30:33] 已手动停止
[2026-08-21 10:30:57] ===== 启动 OCR测试 =====
[2026-08-21 10:30:57] 群: 测试群 | 关键词: ['广电已封堵', '自建云已封堵', '电信租赁云已封堵'] | 回复: 联通已封堵
[2026-08-21 10:30:57] 策略: 检测后随机延迟 1-60s 发送；每 1 分钟最多回复 1 条
[2026-08-21 10:30:57] 健壮性: 每 60s 滚到底部；连续 3 次 OCR 为空则重定位窗口
[2026-08-21 10:30:59] 尝试通过搜索打开群（第 1 次）: 测试群
[2026-08-21 10:31:06] 已打开目标群聊窗口
[2026-08-21 10:31:09] 进入 OCR 测试模式，截取聊天区域并输出识别结果...
[2026-08-21 10:31:10] --- 第 1 次扫描，共 19 行 ---
[2026-08-21 10:33:46] ===== 启动 监听 =====
[2026-08-21 10:33:46] 群: 测试群 | 关键词: ['广电已封堵', '自建云已封堵', '电信租赁云已封堵'] | 回复: 联通已封堵
[2026-08-21 10:33:46] 策略: 检测后随机延迟 1-60s 发送；每 1 分钟最多回复 1 条
[2026-08-21 10:33:46] 健壮性: 每 60s 滚到底部；连续 3 次 OCR 为空则重定位窗口
[2026-08-21 10:33:48] 尝试通过搜索打开群（第 1 次）: 测试群
[2026-08-21 10:34:05] ===== 启动 监听 =====
[2026-08-21 10:34:05] 群: 测试群 | 关键词: ['广电已封堵', '自建云已封堵', '电信租赁云已封堵'] | 回复: 联通已封堵
[2026-08-21 10:34:05] 策略: 检测后随机延迟 1-60s 发送；每 1 分钟最多回复 1 条
[2026-08-21 10:34:05] 健壮性: 每 60s 滚到底部；连续 3 次 OCR 为空则重定位窗口
[2026-08-21 10:34:07] 尝试通过搜索打开群（第 1 次）: 测试群
[2026-08-21 10:34:14] 已打开目标群聊窗口
[2026-08-21 10:34:20] 首次扫描完成，已记录 17 条可见消息作为基线
[2026-08-21 10:35:23] ===== 启动 监听 =====
[2026-08-21 10:35:23] 群: 测试群 | 关键词: ['广电已封堵', '自建云已封堵', '电信租赁云已封堵'] | 回复: 联通已封堵
[2026-08-21 10:35:23] 策略: 检测后随机延迟 1-60s 发送；每 1 分钟最多回复 1 条
[2026-08-21 10:35:23] 健壮性: 每 60s 滚到底部；连续 3 次 OCR 为空则重定位窗口
[2026-08-21 10:35:25] 尝试通过搜索打开群（第 1 次）: 测试群
[2026-08-21 10:35:32] 已打开目标群聊窗口
[2026-08-21 10:35:39] 首次扫描完成，已记录 16 条可见消息作为基线
[2026-08-21 10:36:20] 已手动停止
[2026-08-21 10:36:38] ===== 启动 监听 =====
[2026-08-21 10:36:38] 群: 测试群 | 关键词: ['广电已封堵', '自建云已封堵', '电信租赁云已封堵'] | 回复: 联通已封堵
[2026-08-21 10:36:38] 策略: 检测后随机延迟 1-60s 发送；每 1 分钟最多回复 1 条
[2026-08-21 10:36:38] 健壮性: 每 60s 滚到底部；连续 3 次 OCR 为空则重定位窗口
[2026-08-21 10:36:40] 尝试通过搜索打开群（第 1 次）: 测试群
[2026-08-21 10:36:47] 已打开目标群聊窗口
[2026-08-21 10:36:53] 首次扫描完成，已记录 16 条可见消息作为基线
[2026-08-21 10:37:55] 首次扫描完成，已记录 17 条可见消息作为基线
[2026-08-21 10:38:56] 首次扫描完成，已记录 17 条可见消息作为基线
[2026-08-21 10:39:59] 首次扫描完成，已记录 17 条可见消息作为基线
[2026-08-21 10:41:06] 首次扫描完成，已记录 17 条可见消息作为基线
[2026-08-21 10:41:45] 已手动停止
[2026-08-21 10:53:19] ===== 启动 OCR测试 =====
[2026-08-21 10:53:19] 群: 测试群 | 关键词: ['广电已封堵', '自建云已封堵', '电信租赁云已封堵'] | 回复: 联通已封堵
[2026-08-21 10:53:19] 策略: 检测后随机延迟 10-60s 发送；每 1 分钟最多回复 1 条
[2026-08-21 10:53:19] 健壮性: 每 60s 滚到底部；连续 3 次 OCR 为空则重定位窗口
[2026-08-21 10:53:19] [错误] manual_open_only=true，但未找到已打开的「测试群」群聊窗口。
[2026-08-21 10:53:19]         请手动在微信里打开该群，并保持窗口可见，然后重新运行脚本。
[2026-08-21 10:54:55] ===== 启动 OCR测试 =====
[2026-08-21 10:54:55] 群: 测试群 | 关键词: ['广电已封堵', '自建云已封堵', '电信租赁云已封堵'] | 回复: 联通已封堵
[2026-08-21 10:54:55] 策略: 检测后随机延迟 10-60s 发送；每 1 分钟最多回复 1 条
[2026-08-21 10:54:55] 健壮性: 每 60s 滚到底部；连续 3 次 OCR 为空则重定位窗口
[2026-08-21 10:54:56] 已定位到目标群聊窗口: 测试群
[2026-08-21 10:54:58] 进入 OCR 测试模式，截取聊天区域并输出识别结果...
[2026-08-21 10:55:02] --- 第 1 次扫描，共 19 行 ---
[2026-08-21 10:55:15] ===== 启动 监听 =====
[2026-08-21 10:55:15] 群: 测试群 | 关键词: ['广电已封堵', '自建云已封堵', '电信租赁云已封堵'] | 回复: 联通已封堵
[2026-08-21 10:55:15] 策略: 检测后随机延迟 10-60s 发送；每 1 分钟最多回复 1 条
[2026-08-21 10:55:15] 健壮性: 每 60s 滚到底部；连续 3 次 OCR 为空则重定位窗口
[2026-08-21 10:55:17] 已定位到目标群聊窗口: 测试群
[2026-08-21 10:55:26] 首次扫描完成，已记录 17 条可见消息作为基线
[2026-08-21 10:55:38] ===== 启动 监听 =====
[2026-08-21 10:55:38] 群: 测试群 | 关键词: ['广电已封堵', '自建云已封堵', '电信租赁云已封堵'] | 回复: 联通已封堵
[2026-08-21 10:55:38] 策略: 检测后随机延迟 10-60s 发送；每 1 分钟最多回复 1 条
[2026-08-21 10:55:38] 健壮性: 每 60s 滚到底部；连续 3 次 OCR 为空则重定位窗口
[2026-08-21 10:55:40] 已定位到目标群聊窗口: 测试群
[2026-08-21 10:55:47] 首次扫描完成，已记录 17 条可见消息作为基线
[2026-08-21 10:59:55] ===== 启动 监听 =====
[2026-08-21 10:59:55] 群: 测试群 | 关键词: ['广电已封堵', '自建云已封堵', '电信租赁云已封堵'] | 回复: 联通已封堵
[2026-08-21 10:59:55] 策略: 检测后随机延迟 10-60s 发送；每 1 分钟最多回复 1 条
[2026-08-21 10:59:55] 健壮性: 每 60s 滚到底部；连续 3 次 OCR 为空则重定位窗口
[2026-08-21 10:59:57] 已定位到目标群聊窗口: 测试群
[2026-08-21 11:00:03] 首次扫描完成，已记录 17 条可见消息作为基线
[2026-08-21 11:00:07] [异常] name 'keywords' is not defined
[2026-08-21 11:00:11] [异常] name 'keywords' is not defined
[2026-08-21 11:00:15] [异常] name 'keywords' is not defined
[2026-08-21 11:00:18] [异常] name 'keywords' is not defined
[2026-08-21 11:00:47] ===== 启动 监听 =====
[2026-08-21 11:00:47] 群: 测试群 | 关键词: ['广电已封堵', '自建云已封堵', '电信租赁云已封堵'] | 回复: 联通已封堵
[2026-08-21 11:00:47] 策略: 检测后随机延迟 10-60s 发送；每 1 分钟最多回复 1 条
[2026-08-21 11:00:47] 健壮性: 每 60s 滚到底部；连续 3 次 OCR 为空则重定位窗口
[2026-08-21 11:00:49] 已定位到目标群聊窗口: 测试群
[2026-08-21 11:00:55] 首次扫描完成，已记录 15 条可见消息作为基线
[2026-08-21 11:00:59] [异常] name 'keywords' is not defined
[2026-08-21 11:01:02] [异常] name 'keywords' is not defined
[2026-08-21 11:01:06] [异常] name 'keywords' is not defined
[2026-08-21 11:01:09] [异常] name 'keywords' is not defined
[2026-08-21 11:01:13] [异常] name 'keywords' is not defined
[2026-08-21 11:01:16] [异常] name 'keywords' is not defined
[2026-08-21 11:01:20] [异常] name 'keywords' is not defined
[2026-08-21 11:01:24] [异常] name 'keywords' is not defined
[2026-08-21 11:01:27] [异常] name 'keywords' is not defined
[2026-08-21 11:01:31] [异常] name 'keywords' is not defined
[2026-08-21 11:01:34] [异常] name 'keywords' is not defined
[2026-08-21 11:01:38] [异常] name 'keywords' is not defined
[2026-08-21 11:01:41] [异常] name 'keywords' is not defined
[2026-08-21 11:01:45] [异常] name 'keywords' is not defined
[2026-08-21 11:01:49] [异常] name 'keywords' is not defined
[2026-08-21 11:01:55] 首次扫描完成，已记录 15 条可见消息作为基线
[2026-08-21 11:01:59] [异常] name 'keywords' is not defined
[2026-08-21 11:02:02] [异常] name 'keywords' is not defined
[2026-08-21 11:02:06] [异常] name 'keywords' is not defined
[2026-08-21 11:02:10] [异常] name 'keywords' is not defined
[2026-08-21 11:02:14] [异常] name 'keywords' is not defined
[2026-08-21 11:02:17] [异常] name 'keywords' is not defined
[2026-08-21 11:02:21] [异常] name 'keywords' is not defined
[2026-08-21 11:02:24] [异常] name 'keywords' is not defined
[2026-08-21 11:02:25] ===== 启动 监听 =====
[2026-08-21 11:02:25] 群: 测试群 | 关键词: ['广电已封堵', '自建云已封堵', '电信租赁云已封堵'] | 回复: 联通已封堵
[2026-08-21 11:02:25] 策略: 检测后随机延迟 10-60s 发送；每 1 分钟最多回复 1 条
[2026-08-21 11:02:25] 健壮性: 每 60s 滚到底部；连续 3 次 OCR 为空则重定位窗口
[2026-08-21 11:02:27] 已定位到目标群聊窗口: 测试群
[2026-08-21 11:02:28] [异常] name 'keywords' is not defined
[2026-08-21 11:02:31] [异常] name 'keywords' is not defined
[2026-08-21 11:02:33] 首次扫描完成，已记录 15 条可见消息作为基线
[2026-08-21 11:02:35] [异常] name 'keywords' is not defined
[2026-08-21 11:02:39] [异常] name 'keywords' is not defined
[2026-08-21 11:02:42] [异常] name 'keywords' is not defined
[2026-08-21 11:02:46] [异常] name 'keywords' is not defined
[2026-08-21 11:02:50] [异常] name 'keywords' is not defined
[2026-08-21 11:02:56] 首次扫描完成，已记录 15 条可见消息作为基线
[2026-08-21 11:03:00] [异常] name 'keywords' is not defined
[2026-08-21 11:03:03] [异常] name 'keywords' is not defined
[2026-08-21 11:03:07] [异常] name 'keywords' is not defined
[2026-08-21 11:03:10] [异常] name 'keywords' is not defined
[2026-08-21 11:03:14] [异常] name 'keywords' is not defined
[2026-08-21 11:03:18] [异常] name 'keywords' is not defined
[2026-08-21 11:03:21] [异常] name 'keywords' is not defined
[2026-08-21 11:03:36] ===== 启动 监听 =====
[2026-08-21 11:03:36] 群: 测试群 | 关键词: ['广电已封堵', '自建云已封堵', '电信租赁云已封堵'] | 回复: 联通已封堵
[2026-08-21 11:03:36] 策略: 检测后随机延迟 10-60s 发送；每 1 分钟最多回复 1 条
[2026-08-21 11:03:36] 健壮性: 每 60s 滚到底部；连续 3 次 OCR 为空则重定位窗口
[2026-08-21 11:03:37] 已定位到目标群聊窗口: 测试群
[2026-08-21 11:03:44] 首次扫描完成，已记录 15 条可见消息作为基线
[2026-08-21 11:04:31] ===== 启动 监听 =====
[2026-08-21 11:04:31] 群: 测试群 | 关键词: ['广电已封堵', '自建云已封堵', '电信租赁云已封堵'] | 回复: 联通已封堵
[2026-08-21 11:04:31] 策略: 检测后随机延迟 10-60s 发送；每 1 分钟最多回复 1 条
[2026-08-21 11:04:31] 健壮性: 每 60s 滚到底部；连续 3 次 OCR 为空则重定位窗口
[2026-08-21 11:04:32] 已定位到目标群聊窗口: 测试群
[2026-08-21 11:04:39] 首次扫描完成，已记录 15 条可见消息作为基线
[2026-08-21 11:04:42] [verbose] 当前可见含关键词消息: 2 条
[2026-08-21 11:07:58] ===== 启动 监听 =====
[2026-08-21 11:07:58] 群: 测试群 | 关键词: ['广电已封堵', '自建云已封堵', '电信租赁云已封堵'] | 回复: 联通已封堵
[2026-08-21 11:07:58] 策略: 检测后随机延迟 10-60s 发送；每 1 分钟最多回复 1 条
[2026-08-21 11:07:58] 健壮性: 每 60s 滚到底部；连续 3 次 OCR 为空则重定位窗口
[2026-08-21 11:08:00] 已定位到目标群聊窗口: 测试群
[2026-08-21 11:08:06] 首次扫描完成，已记录 15 条可见消息作为基线
[2026-08-21 11:08:10] [verbose] 当前可见含关键词消息: 2 条
[2026-08-21 11:08:13] [verbose] 当前可见含关键词消息: 2 条
[2026-08-21 11:08:17] [verbose] 当前可见含关键词消息: 2 条
[2026-08-21 11:08:21] [verbose] 当前可见含关键词消息: 1 条
[2026-08-21 11:08:21] [计划] 检测到触发「广电已封堵」（新 1 条），将在 30s 后回复
[2026-08-21 11:08:24] [verbose] 当前可见含关键词消息: 1 条
[2026-08-21 11:08:28] [verbose] 当前可见含关键词消息: 1 条
[2026-08-21 11:08:31] [verbose] 当前可见含关键词消息: 1 条
[2026-08-21 11:08:35] [verbose] 当前可见含关键词消息: 1 条
[2026-08-21 11:08:38] [verbose] 当前可见含关键词消息: 1 条
[2026-08-21 11:08:42] [verbose] 当前可见含关键词消息: 1 条
[2026-08-21 11:08:45] [verbose] 当前可见含关键词消息: 1 条
[2026-08-21 11:08:49] [verbose] 当前可见含关键词消息: 1 条
[2026-08-21 11:08:52] [verbose] 当前可见含关键词消息: 1 条
[2026-08-21 11:08:56] [已回复] 联通已封堵
[2026-08-21 11:08:59] [verbose] 当前可见含关键词消息: 1 条
[2026-08-21 11:09:06] 首次扫描完成，已记录 14 条可见消息作为基线
[2026-08-21 11:09:09] [verbose] 当前可见含关键词消息: 1 条
[2026-08-21 11:09:13] [verbose] 当前可见含关键词消息: 1 条
[2026-08-21 11:09:16] [verbose] 当前可见含关键词消息: 1 条
[2026-08-21 11:09:20] [verbose] 当前可见含关键词消息: 1 条
[2026-08-21 11:09:23] [verbose] 当前可见含关键词消息: 1 条
[2026-08-21 11:09:27] [verbose] 当前可见含关键词消息: 1 条
[2026-08-21 11:09:31] [verbose] 当前可见含关键词消息: 1 条
[2026-08-21 11:09:34] [verbose] 当前可见含关键词消息: 1 条
[2026-08-21 11:09:38] [verbose] 当前可见含关键词消息: 1 条
[2026-08-21 11:09:41] [verbose] 当前可见含关键词消息: 1 条
[2026-08-21 11:09:45] [verbose] 当前可见含关键词消息: 1 条
[2026-08-21 11:09:48] [verbose] 当前可见含关键词消息: 1 条
[2026-08-21 11:09:52] [verbose] 当前可见含关键词消息: 1 条
[2026-08-21 11:09:55] [verbose] 当前可见含关键词消息: 1 条
[2026-08-21 11:09:59] [verbose] 当前可见含关键词消息: 1 条
[2026-08-21 11:10:02] [verbose] 当前可见含关键词消息: 1 条
[2026-08-21 11:10:09] 首次扫描完成，已记录 14 条可见消息作为基线
[2026-08-21 11:10:12] [verbose] 当前可见含关键词消息: 1 条
[2026-08-21 11:10:16] [verbose] 当前可见含关键词消息: 1 条
[2026-08-21 11:10:19] [verbose] 当前可见含关键词消息: 1 条
[2026-08-21 11:10:23] [verbose] 当前可见含关键词消息: 1 条
[2026-08-21 11:10:26] [verbose] 当前可见含关键词消息: 1 条
[2026-08-21 11:10:30] [verbose] 当前可见含关键词消息: 1 条
[2026-08-21 11:10:33] [verbose] 当前可见含关键词消息: 2 条
[2026-08-21 11:10:33] [计划] 检测到触发「自建云已封堵」（新 1 条），将在 11s 后回复
[2026-08-21 11:10:37] [verbose] 当前可见含关键词消息: 2 条
[2026-08-21 11:10:40] [verbose] 当前可见含关键词消息: 2 条
[2026-08-21 11:10:44] [verbose] 当前可见含关键词消息: 2 条
[2026-08-21 11:10:47] [已回复] 联通已封堵
[2026-08-21 11:10:51] [verbose] 当前可见含关键词消息: 2 条
[2026-08-21 11:10:55] [verbose] 当前可见含关键词消息: 2 条
[2026-08-21 11:10:58] [verbose] 当前可见含关键词消息: 2 条
[2026-08-21 11:11:02] [verbose] 当前可见含关键词消息: 2 条
[2026-08-21 11:11:05] [verbose] 当前可见含关键词消息: 2 条
[2026-08-21 11:11:11] 首次扫描完成，已记录 13 条可见消息作为基线
[2026-08-21 11:11:15] [verbose] 当前可见含关键词消息: 2 条
[2026-08-21 11:11:18] [verbose] 当前可见含关键词消息: 2 条
[2026-08-21 11:11:22] [verbose] 当前可见含关键词消息: 2 条
[2026-08-21 11:11:25] [verbose] 当前可见含关键词消息: 2 条
[2026-08-21 11:11:29] [verbose] 当前可见含关键词消息: 2 条
[2026-08-21 11:11:32] [verbose] 当前可见含关键词消息: 2 条
[2026-08-21 11:11:36] [verbose] 当前可见含关键词消息: 2 条
[2026-08-21 11:11:39] [verbose] 当前可见含关键词消息: 2 条
[2026-08-21 11:11:43] [verbose] 当前可见含关键词消息: 2 条
[2026-08-21 11:11:46] [verbose] 当前可见含关键词消息: 2 条
[2026-08-21 11:11:50] [verbose] 当前可见含关键词消息: 2 条
[2026-08-21 11:11:53] [verbose] 当前可见含关键词消息: 2 条
[2026-08-21 11:11:57] [verbose] 当前可见含关键词消息: 2 条
[2026-08-21 11:12:00] [verbose] 当前可见含关键词消息: 2 条
[2026-08-21 11:12:03] [verbose] 当前可见含关键词消息: 2 条
[2026-08-21 11:12:07] [verbose] 当前可见含关键词消息: 2 条
[2026-08-21 11:12:13] 首次扫描完成，已记录 13 条可见消息作为基线
[2026-08-21 11:12:17] [verbose] 当前可见含关键词消息: 2 条
[2026-08-21 11:12:20] [verbose] 当前可见含关键词消息: 2 条
[2026-08-21 11:12:24] [verbose] 当前可见含关键词消息: 2 条
[2026-08-21 11:12:28] [verbose] 当前可见含关键词消息: 2 条
[2026-08-21 11:12:31] [verbose] 当前可见含关键词消息: 2 条
[2026-08-21 11:12:35] [verbose] 当前可见含关键词消息: 2 条
[2026-08-21 11:12:38] [verbose] 当前可见含关键词消息: 2 条
[2026-08-21 11:12:42] [verbose] 当前可见含关键词消息: 2 条
[2026-08-21 11:12:45] [verbose] 当前可见含关键词消息: 2 条
[2026-08-21 11:12:49] [verbose] 当前可见含关键词消息: 2 条
[2026-08-21 11:12:54] [verbose] 当前可见含关键词消息: 2 条
[2026-08-21 11:12:57] [verbose] 当前可见含关键词消息: 2 条
[2026-08-21 11:13:01] [提示] 窗口被最小化，自动恢复...
[2026-08-21 11:13:02] 首次扫描完成，已记录 35 条可见消息作为基线
[2026-08-21 11:13:06] [verbose] 当前可见含关键词消息: 2 条
[2026-08-21 11:13:09] [verbose] 当前可见含关键词消息: 2 条
[2026-08-21 11:13:16] 首次扫描完成，已记录 14 条可见消息作为基线
[2026-08-21 11:13:20] [verbose] 当前可见含关键词消息: 2 条
[2026-08-21 11:13:23] [verbose] 当前可见含关键词消息: 2 条
[2026-08-21 11:13:27] [verbose] 当前可见含关键词消息: 2 条
[2026-08-21 11:13:30] [verbose] 当前可见含关键词消息: 2 条
[2026-08-21 11:13:34] [verbose] 当前可见含关键词消息: 2 条
[2026-08-21 11:13:38] [verbose] 当前可见含关键词消息: 2 条
[2026-08-21 11:13:41] [verbose] 当前可见含关键词消息: 2 条
[2026-08-21 11:13:41] 已手动停止
[2026-08-21 11:14:14] ===== 启动 监听 =====
[2026-08-21 11:14:14] 群: 测试群 | 关键词: ['广电已封堵', '自建云已封堵', '电信租赁云已封堵', '电信已封堵'] | 回复: 租赁云-八月网安行动安全协同
[2026-08-21 11:14:14] 策略: 检测后随机延迟 60-120s 发送；每 5 分钟最多回复 1 条
[2026-08-21 11:14:14] 健壮性: 每 60s 滚到底部；连续 3 次 OCR 为空则重定位窗口
[2026-08-21 11:14:16] 已定位到目标群聊窗口: 测试群
[2026-08-21 11:14:22] 首次扫描完成，已记录 14 条可见消息作为基线
[2026-08-21 11:14:25] 已手动停止
[2026-08-21 11:14:45] ===== 启动 监听 =====
[2026-08-21 11:14:45] 群: 测试群 | 关键词: ['广电已封堵', '自建云已封堵', '电信租赁云已封堵', '电信已封堵'] | 回复: 租赁云-八月网安行动安全协同
[2026-08-21 11:14:45] 策略: 检测后随机延迟 60-120s 发送；每 5 分钟最多回复 1 条
[2026-08-21 11:14:45] 健壮性: 每 60s 滚到底部；连续 3 次 OCR 为空则重定位窗口
[2026-08-21 11:14:47] 已定位到目标群聊窗口: 测试群
[2026-08-21 11:19:00] ===== 启动 监听 =====
[2026-08-21 11:19:00] 群: 测试群 | 关键词: ['广电已封堵', '自建云已封堵', '电信租赁云已封堵', '电信已封堵'] | 回复: 租赁云-八月网安行动安全协同
[2026-08-21 11:19:00] 策略: 检测后随机延迟 60-120s 发送；每 5 分钟最多回复 1 条
[2026-08-21 11:19:00] 健壮性: 每 60s 滚到底部；连续 3 次 OCR 为空则重定位窗口
[2026-08-21 11:19:01] 已定位到目标群聊窗口: 测试群
[2026-08-21 11:19:04] 已手动停止
[2026-08-21 11:19:52] ===== 启动 监听 =====
[2026-08-21 11:19:52] 群: 测试群 | 关键词: ['广电已封堵', '自建云已封堵', '电信租赁云已封堵', '电信已封堵'] | 回复: 租赁云-八月网安行动安全协同
[2026-08-21 11:19:52] 策略: 检测后随机延迟 60-120s 发送；每 5 分钟最多回复 1 条
[2026-08-21 11:19:52] 健壮性: 每 60s 滚到底部；连续 3 次 OCR 为空则重定位窗口
[2026-08-21 11:20:37] ===== 启动 监听 =====
[2026-08-21 11:20:37] 群: 租赁云-八月网安行动安全协同 | 关键词: ['广电已封堵', '自建云已封堵', '电信租赁云已封堵', '电信已封堵'] | 回复: 联通已封堵
[2026-08-21 11:20:37] 策略: 检测后随机延迟 60-120s 发送；每 5 分钟最多回复 1 条
[2026-08-21 11:20:37] 健壮性: 每 60s 滚到底部；连续 3 次 OCR 为空则重定位窗口
[2026-08-21 11:20:39] 已定位到目标群聊窗口: 租赁云-八月网安行动安全协同
[2026-08-21 11:20:46] 首次扫描完成，已记录 14 条可见消息作为基线
[2026-08-21 11:20:51] [verbose] 当前可见含关键词消息: 2 条
[2026-08-21 11:20:57] [verbose] 当前可见含关键词消息: 2 条
[2026-08-21 11:21:03] [verbose] 当前可见含关键词消息: 2 条
[2026-08-21 11:21:08] [verbose] 当前可见含关键词消息: 2 条
[2026-08-21 11:21:14] [verbose] 当前可见含关键词消息: 2 条
[2026-08-21 11:21:20] [verbose] 当前可见含关键词消息: 2 条
[2026-08-21 11:21:25] [verbose] 当前可见含关键词消息: 2 条
[2026-08-21 11:21:31] [verbose] 当前可见含关键词消息: 2 条
[2026-08-21 11:21:36] [verbose] 当前可见含关键词消息: 2 条
[2026-08-21 11:21:45] 首次扫描完成，已记录 14 条可见消息作为基线
[2026-08-21 11:21:51] [verbose] 当前可见含关键词消息: 2 条
[2026-08-21 11:21:56] [verbose] 当前可见含关键词消息: 2 条
[2026-08-21 11:22:02] [verbose] 当前可见含关键词消息: 2 条
[2026-08-21 11:22:07] [verbose] 当前可见含关键词消息: 2 条
[2026-08-21 11:22:13] [verbose] 当前可见含关键词消息: 2 条
[2026-08-21 11:22:19] [verbose] 当前可见含关键词消息: 2 条
[2026-08-21 11:22:24] [verbose] 当前可见含关键词消息: 2 条
[2026-08-21 11:22:30] [verbose] 当前可见含关键词消息: 2 条
[2026-08-21 11:22:35] [verbose] 当前可见含关键词消息: 2 条
[2026-08-21 11:22:41] [verbose] 当前可见含关键词消息: 2 条
[2026-08-21 11:22:50] 首次扫描完成，已记录 14 条可见消息作为基线
[2026-08-21 11:22:55] [verbose] 当前可见含关键词消息: 2 条
[2026-08-21 11:23:01] [verbose] 当前可见含关键词消息: 2 条
[2026-08-21 11:23:07] [verbose] 当前可见含关键词消息: 2 条
[2026-08-21 11:23:12] [verbose] 当前可见含关键词消息: 2 条
[2026-08-21 11:23:18] [verbose] 当前可见含关键词消息: 2 条
[2026-08-21 11:23:23] [verbose] 当前可见含关键词消息: 2 条
[2026-08-21 11:23:29] [verbose] 当前可见含关键词消息: 2 条
[2026-08-21 11:23:35] [verbose] 当前可见含关键词消息: 2 条
[2026-08-21 11:23:40] [verbose] 当前可见含关键词消息: 2 条
[2026-08-21 11:23:46] [verbose] 当前可见含关键词消息: 2 条
[2026-08-21 11:23:55] 首次扫描完成，已记录 14 条可见消息作为基线
[2026-08-21 11:24:00] [verbose] 当前可见含关键词消息: 2 条
[2026-08-21 11:24:06] [verbose] 当前可见含关键词消息: 2 条
[2026-08-21 11:24:12] [verbose] 当前可见含关键词消息: 2 条
[2026-08-21 11:24:18] [verbose] 当前可见含关键词消息: 2 条
[2026-08-21 11:24:24] [verbose] 当前可见含关键词消息: 2 条
[2026-08-21 11:24:30] [verbose] 当前可见含关键词消息: 2 条
[2026-08-21 11:24:35] [verbose] 当前可见含关键词消息: 2 条
[2026-08-21 11:24:41] [verbose] 当前可见含关键词消息: 2 条
[2026-08-21 11:24:47] [verbose] 当前可见含关键词消息: 2 条
[2026-08-21 11:24:55] 首次扫描完成，已记录 14 条可见消息作为基线
[2026-08-21 11:25:01] [verbose] 当前可见含关键词消息: 2 条
[2026-08-21 11:25:07] [verbose] 当前可见含关键词消息: 2 条
[2026-08-21 11:25:13] [verbose] 当前可见含关键词消息: 2 条
[2026-08-21 11:25:19] [verbose] 当前可见含关键词消息: 2 条
[2026-08-21 11:25:25] [verbose] 当前可见含关键词消息: 2 条
[2026-08-21 11:25:31] [verbose] 当前可见含关键词消息: 2 条
[2026-08-21 11:25:37] [verbose] 当前可见含关键词消息: 2 条
[2026-08-21 11:25:43] [verbose] 当前可见含关键词消息: 2 条
[2026-08-21 11:25:50] [verbose] 当前可见含关键词消息: 2 条
[2026-08-21 11:25:59] 首次扫描完成，已记录 14 条可见消息作为基线
[2026-08-21 11:26:03] ==== 枚举所有顶层窗口（用于核对群窗口标题）====
[2026-08-21 11:26:03]   Name='租赁云-八月网安行动安全协同' Class='Qt51514QWindowIcon'  <== 标题含群名
[2026-08-21 11:26:03]   Name='任务栏' Class='Shell_TrayWnd'
[2026-08-21 11:26:03]   Name='WorkBuddy' Class='Chrome_WidgetWin_1'
[2026-08-21 11:26:03]   Name='wechat-autoreply - 文件资源管理器' Class='CabinetWClass'
[2026-08-21 11:26:03]   Name='Releases · louislam/uptime-kuma 和另外 6 个页面 - 个人 - Microsoft\u200b Edge' Class='Chrome_WidgetWin_1'
[2026-08-21 11:26:03]   Name='钉钉' Class='DtMainFrameView'
[2026-08-21 11:26:03]   Name='OneCommander' Class='Window'
[2026-08-21 11:26:03]   Name='MobaXterm' Class='TMobaXtermForm'
[2026-08-21 11:26:03]   Name='cmcc-cloud - 1Remote' Class='Window'
[2026-08-21 11:26:03]   Name='Uptime Kuma - 个人 - Microsoft\u200b Edge' Class='Chrome_WidgetWin_1'
[2026-08-21 11:26:03]   Name='微信' Class='Qt51514QWindowIcon'
[2026-08-21 11:26:03]   Name='Command Prompt - start.bat' Class='CASCADIA_HOSTING_WINDOW_CLASS'
[2026-08-21 11:26:03]   Name='Program Manager' Class='Progman'
[2026-08-21 11:26:03] 配置群名 group_name = '租赁云-八月网安行动安全协同'
[2026-08-21 11:26:03] 提示：若没有带 '<== 标题含群名' 的窗口，说明微信里该群窗口标题与配置不一致，或群未以独立浮窗/主窗右侧打开。
[2026-08-21 11:26:05] [verbose] 当前可见含关键词消息: 2 条
[2026-08-21 11:26:11] [verbose] 当前可见含关键词消息: 2 条
[2026-08-21 11:26:17] [verbose] 当前可见含关键词消息: 2 条
[2026-08-21 11:26:21] ===== 启动 OCR测试 =====
[2026-08-21 11:26:21] 群: 租赁云-八月网安行动安全协同 | 关键词: ['广电已封堵', '自建云已封堵', '电信租赁云已封堵', '电信已封堵'] | 回复: 联通已封堵
[2026-08-21 11:26:21] 策略: 检测后随机延迟 60-120s 发送；每 5 分钟最多回复 1 条
[2026-08-21 11:26:21] 健壮性: 每 60s 滚到底部；连续 3 次 OCR 为空则重定位窗口
[2026-08-21 11:26:23] 已定位到目标群聊窗口: 租赁云-八月网安行动安全协同
[2026-08-21 11:26:23] [verbose] 当前可见含关键词消息: 2 条
[2026-08-21 11:26:25] 进入 OCR 测试模式，截取聊天区域并输出识别结果...
[2026-08-21 11:26:27] --- 第 1 次扫描，共 17 行 ---
[2026-08-21 11:26:30] [verbose] 当前可见含关键词消息: 2 条
[2026-08-21 11:26:36] [verbose] 当前可见含关键词消息: 2 条
[2026-08-21 11:26:42] [verbose] 当前可见含关键词消息: 2 条
[2026-08-21 11:26:48] [verbose] 当前可见含关键词消息: 2 条
[2026-08-21 11:26:54] [verbose] 当前可见含关键词消息: 2 条
[2026-08-21 11:27:03] 首次扫描完成，已记录 14 条可见消息作为基线
[2026-08-21 11:27:09] [verbose] 当前可见含关键词消息: 2 条
[2026-08-21 11:27:15] [verbose] 当前可见含关键词消息: 2 条
[2026-08-21 11:27:21] [verbose] 当前可见含关键词消息: 2 条
[2026-08-21 11:27:27] [verbose] 当前可见含关键词消息: 2 条
[2026-08-21 11:27:33] [verbose] 当前可见含关键词消息: 2 条
[2026-08-21 11:27:39] [verbose] 当前可见含关键词消息: 2 条
[2026-08-21 11:27:44] [verbose] 当前可见含关键词消息: 2 条
[2026-08-21 11:27:50] [verbose] 当前可见含关键词消息: 2 条
[2026-08-21 11:27:56] [verbose] 当前可见含关键词消息: 2 条
[2026-08-21 11:28:04] 首次扫描完成，已记录 14 条可见消息作为基线
[2026-08-21 11:28:10] [verbose] 当前可见含关键词消息: 2 条
[2026-08-21 11:28:16] [verbose] 当前可见含关键词消息: 2 条
[2026-08-21 11:28:26] ===== 启动 监听 =====
[2026-08-21 11:28:26] 群: 租赁云-八月网安行动安全协同 | 关键词: ['广电已封堵', '自建云已封堵', '电信租赁云已封堵', '电信已封堵'] | 回复: 联通已封堵
[2026-08-21 11:28:26] 策略: 检测后随机延迟 60-120s 发送；每 5 分钟最多回复 1 条
[2026-08-21 11:28:26] 健壮性: 每 60s 滚到底部；连续 3 次 OCR 为空则重定位窗口
[2026-08-21 11:28:28] 已定位到目标群聊窗口: 租赁云-八月网安行动安全协同
[2026-08-21 11:28:34] 首次扫描完成，已记录 14 条可见消息作为基线
[2026-08-21 11:28:40] [verbose] 当前可见含关键词消息: 2 条
[2026-08-21 11:28:46] [verbose] 当前可见含关键词消息: 2 条
[2026-08-21 11:28:51] [verbose] 当前可见含关键词消息: 2 条
[2026-08-21 11:28:57] [verbose] 当前可见含关键词消息: 2 条
[2026-08-21 11:29:03] [verbose] 当前可见含关键词消息: 2 条
[2026-08-21 11:29:08] [verbose] 当前可见含关键词消息: 2 条
[2026-08-21 11:29:14] [verbose] 当前可见含关键词消息: 2 条
[2026-08-21 11:29:20] [verbose] 当前可见含关键词消息: 2 条
[2026-08-21 11:29:26] [verbose] 当前可见含关键词消息: 2 条
[2026-08-21 11:29:34] 首次扫描完成，已记录 14 条可见消息作为基线
[2026-08-21 11:29:40] [verbose] 当前可见含关键词消息: 2 条
[2026-08-21 11:29:46] [verbose] 当前可见含关键词消息: 2 条
[2026-08-21 11:33:27] ===== 启动 监听 =====
[2026-08-21 11:33:27] 群: 租赁云-八月网安行动安全协同 | 关键词: ['广电已封堵', '自建云已封堵', '电信租赁云已封堵', '电信已封堵'] | 回复: 联通已封堵
[2026-08-21 11:33:27] 策略: 检测后随机延迟 60-120s 发送；每 5 分钟最多回复 1 条
[2026-08-21 11:33:27] 健壮性: 每 60s 滚到底部；连续 3 次 OCR 为空则重定位窗口
[2026-08-21 11:33:29] 已定位到目标群聊窗口: 租赁云-八月网安行动安全协同
[2026-08-21 11:33:36] 首次扫描完成，已记录 14 条可见消息作为基线
[2026-08-21 11:33:36] --once 模式结束
[2026-08-21 11:35:43] ===== 启动 监听 =====
[2026-08-21 11:35:43] 群: 租赁云-八月网安行动安全协同 | 关键词: ['广电已封堵', '自建云已封堵', '电信租赁云已封堵', '电信已封堵'] | 回复: 联通已封堵
[2026-08-21 11:35:43] 策略: 检测后随机延迟 60-120s 发送；每 5 分钟最多回复 1 条
[2026-08-21 11:35:43] 健壮性: 每 60s 滚到底部；连续 3 次 OCR 为空则重定位窗口
[2026-08-21 11:35:44] 已定位到目标群聊窗口: 租赁云-八月网安行动安全协同
[2026-08-21 11:35:51] 首次扫描完成，已记录 14 条可见消息作为基线
[2026-08-21 11:35:56] [verbose] 当前可见含关键词消息: 2 条
[2026-08-21 11:36:02] [verbose] 当前可见含关键词消息: 2 条
[2026-08-21 11:36:02] 已手动停止
[2026-08-21 11:36:18] ===== 启动 监听 =====
[2026-08-21 11:36:18] 群: 租赁云-八月网安行动安全协同 | 关键词: ['广电已封堵', '自建云已封堵', '电信租赁云已封堵', '电信已封堵'] | 回复: 联通已封堵
[2026-08-21 11:36:18] 策略: 检测后随机延迟 60-120s 发送；每 5 分钟最多回复 1 条
[2026-08-21 11:36:18] 健壮性: 每 60s 滚到底部；连续 3 次 OCR 为空则重定位窗口
[2026-08-21 11:36:20] 已定位到目标群聊窗口: 租赁云-八月网安行动安全协同
[2026-08-21 11:36:26] 首次扫描完成，已记录 14 条可见消息作为基线
[2026-08-21 11:36:32] [verbose] 当前可见含关键词消息: 2 条
[2026-08-21 11:36:38] [verbose] 当前可见含关键词消息: 2 条
[2026-08-21 11:36:44] [verbose] 当前可见含关键词消息: 2 条
[2026-08-21 11:36:49] [verbose] 当前可见含关键词消息: 2 条
[2026-08-21 11:36:55] [verbose] 当前可见含关键词消息: 2 条
[2026-08-21 11:37:00] [verbose] 当前可见含关键词消息: 2 条
[2026-08-21 11:37:06] [verbose] 当前可见含关键词消息: 2 条
[2026-08-21 11:37:11] [verbose] 当前可见含关键词消息: 2 条
[2026-08-21 11:37:17] [verbose] 当前可见含关键词消息: 2 条
[2026-08-21 11:37:23] [verbose] 当前可见含关键词消息: 2 条
[2026-08-21 11:37:23] [计划] 检测到触发「自建云已封堵」（新 1 条），将在 104s 后回复
[2026-08-21 11:37:31] 首次扫描完成，已记录 14 条可见消息作为基线
[2026-08-21 11:37:36] [verbose] 当前可见含关键词消息: 2 条
[2026-08-21 11:37:42] [verbose] 当前可见含关键词消息: 2 条
[2026-08-21 11:37:47] [verbose] 当前可见含关键词消息: 2 条
[2026-08-21 11:37:53] [verbose] 当前可见含关键词消息: 2 条
[2026-08-21 11:37:58] [verbose] 当前可见含关键词消息: 2 条
[2026-08-21 11:38:04] [verbose] 当前可见含关键词消息: 2 条
[2026-08-21 11:38:09] [verbose] 当前可见含关键词消息: 2 条
[2026-08-21 11:38:15] [verbose] 当前可见含关键词消息: 2 条
[2026-08-21 11:38:20] [verbose] 当前可见含关键词消息: 2 条
[2026-08-21 11:38:25] [verbose] 当前可见含关键词消息: 2 条
[2026-08-21 11:38:34] 首次扫描完成，已记录 14 条可见消息作为基线
[2026-08-21 11:38:39] [verbose] 当前可见含关键词消息: 2 条
[2026-08-21 11:38:45] [verbose] 当前可见含关键词消息: 2 条
[2026-08-21 11:38:50] [verbose] 当前可见含关键词消息: 2 条
[2026-08-21 11:38:56] [verbose] 当前可见含关键词消息: 2 条
[2026-08-21 11:39:01] [verbose] 当前可见含关键词消息: 2 条
[2026-08-21 11:39:07] [verbose] 当前可见含关键词消息: 2 条
[2026-08-21 11:39:10] [已回复] 联通已封堵
[2026-08-21 11:39:16] [verbose] 当前可见含关键词消息: 2 条
[2026-08-21 11:39:22] [verbose] 当前可见含关键词消息: 2 条
[2026-08-21 11:39:28] [verbose] 当前可见含关键词消息: 2 条
[2026-08-21 11:39:36] 首次扫描完成，已记录 15 条可见消息作为基线
[2026-08-21 11:39:42] [verbose] 当前可见含关键词消息: 2 条
[2026-08-21 11:39:48] [verbose] 当前可见含关键词消息: 2 条
[2026-08-21 11:39:54] [verbose] 当前可见含关键词消息: 2 条
[2026-08-21 11:39:59] [verbose] 当前可见含关键词消息: 2 条
[2026-08-21 11:40:05] [verbose] 当前可见含关键词消息: 2 条
[2026-08-21 11:40:11] [verbose] 当前可见含关键词消息: 2 条
[2026-08-21 11:40:16] [verbose] 当前可见含关键词消息: 2 条
[2026-08-21 11:40:22] [verbose] 当前可见含关键词消息: 2 条
[2026-08-21 11:40:27] [verbose] 当前可见含关键词消息: 2 条
[2026-08-21 11:40:33] [verbose] 当前可见含关键词消息: 2 条
[2026-08-21 11:40:41] 首次扫描完成，已记录 15 条可见消息作为基线
[2026-08-21 11:40:47] [verbose] 当前可见含关键词消息: 2 条
[2026-08-21 11:40:52] [verbose] 当前可见含关键词消息: 2 条
[2026-08-21 11:40:58] [verbose] 当前可见含关键词消息: 2 条
[2026-08-21 11:41:03] [verbose] 当前可见含关键词消息: 2 条
[2026-08-21 11:41:09] [verbose] 当前可见含关键词消息: 2 条
[2026-08-21 11:41:14] 已手动停止
[2026-08-21 11:42:35] ===== 启动 监听 =====
[2026-08-21 11:42:35] 群: 租赁云-八月网安行动安全协同 | 关键词: ['广电已封堵', '自建云已封堵', '电信租赁云已封堵', '电信已封堵'] | 回复: 联通已封堵
[2026-08-21 11:42:35] 策略: 检测后随机延迟 60-120s 发送；每 5 分钟最多回复 1 条
[2026-08-21 11:42:35] 健壮性: 每 60s 滚到底部；连续 3 次 OCR 为空则重定位窗口
[2026-08-21 11:42:37] 已定位到目标群聊窗口: 租赁云-八月网安行动安全协同
[2026-08-21 11:42:43] 首次扫描完成，已记录 15 条可见消息作为基线
[2026-08-21 11:42:44] 已手动停止
[2026-08-21 12:02:14] ===== 启动 监听 =====
[2026-08-21 12:02:14] 群: 租赁云-八月网安行动安全协同 | 关键词: ['广电已封堵', '自建云已封堵', '电信租赁云已封堵', '电信已封堵'] | 回复: 联通已封堵
[2026-08-21 12:02:14] 策略: 检测后随机延迟 60-120s 发送；每 5 分钟最多回复 1 条
[2026-08-21 12:02:14] 健壮性: 每 60s 滚到底部；连续 3 次 OCR 为空则重定位窗口
[2026-08-21 12:02:16] 已定位到目标群聊窗口: 租赁云-八月网安行动安全协同
[2026-08-21 12:02:21] 首次扫描完成，已记录 17 条可见消息作为基线
[2026-08-21 12:02:27] [verbose] 当前可见含关键词消息: 1 条
[2026-08-21 12:02:32] [verbose] 当前可见含关键词消息: 1 条
[2026-08-21 12:02:38] [verbose] 当前可见含关键词消息: 1 条
[2026-08-21 12:02:43] [verbose] 当前可见含关键词消息: 1 条
[2026-08-21 12:02:49] [verbose] 当前可见含关键词消息: 1 条
[2026-08-21 12:02:49] [计划] 检测到触发「广电已封堵」（新 1 条），将在 108s 后回复
[2026-08-21 12:02:54] [verbose] 当前可见含关键词消息: 1 条
[2026-08-21 12:03:00] [verbose] 当前可见含关键词消息: 1 条
[2026-08-21 12:03:05] [verbose] 当前可见含关键词消息: 1 条
[2026-08-21 12:03:11] [verbose] 当前可见含关键词消息: 1 条
[2026-08-21 12:03:16] [verbose] 当前可见含关键词消息: 1 条
[2026-08-21 12:03:24] 首次扫描完成，已记录 17 条可见消息作为基线
[2026-08-21 12:03:30] [verbose] 当前可见含关键词消息: 1 条
[2026-08-21 12:03:35] [verbose] 当前可见含关键词消息: 1 条
[2026-08-21 12:03:41] [verbose] 当前可见含关键词消息: 1 条
[2026-08-21 12:03:46] [verbose] 当前可见含关键词消息: 1 条
[2026-08-21 12:03:51] [verbose] 当前可见含关键词消息: 1 条
[2026-08-21 12:03:57] [verbose] 当前可见含关键词消息: 1 条
[2026-08-21 12:04:02] [verbose] 当前可见含关键词消息: 1 条
[2026-08-21 12:04:08] [verbose] 当前可见含关键词消息: 1 条
[2026-08-21 12:04:13] [verbose] 当前可见含关键词消息: 1 条
[2026-08-21 12:04:19] [verbose] 当前可见含关键词消息: 1 条
[2026-08-21 12:04:27] 首次扫描完成，已记录 17 条可见消息作为基线
[2026-08-21 12:04:32] [verbose] 当前可见含关键词消息: 1 条
[2026-08-21 12:04:38] [verbose] 当前可见含关键词消息: 1 条
[2026-08-21 12:04:41] [已回复] 联通已封堵
[2026-08-21 12:04:47] [verbose] 当前可见含关键词消息: 1 条
[2026-08-21 12:04:52] [verbose] 当前可见含关键词消息: 1 条
[2026-08-21 12:04:58] [verbose] 当前可见含关键词消息: 1 条
[2026-08-21 12:05:04] [verbose] 当前可见含关键词消息: 1 条
[2026-08-21 12:05:09] [verbose] 当前可见含关键词消息: 1 条
[2026-08-21 12:05:14] [verbose] 当前可见含关键词消息: 1 条
[2026-08-21 12:05:20] [verbose] 当前可见含关键词消息: 1 条
[2026-08-21 12:05:28] 首次扫描完成，已记录 16 条可见消息作为基线
[2026-08-21 12:05:33] [verbose] 当前可见含关键词消息: 1 条
[2026-08-21 12:05:39] [verbose] 当前可见含关键词消息: 1 条
[2026-08-21 12:05:44] [verbose] 当前可见含关键词消息: 1 条
[2026-08-21 12:05:50] [verbose] 当前可见含关键词消息: 1 条
[2026-08-21 12:05:55] [verbose] 当前可见含关键词消息: 1 条
[2026-08-21 12:06:01] [verbose] 当前可见含关键词消息: 1 条
[2026-08-21 12:06:06] [verbose] 当前可见含关键词消息: 1 条
[2026-08-21 12:06:11] [verbose] 当前可见含关键词消息: 1 条
[2026-08-21 12:06:17] [verbose] 当前可见含关键词消息: 1 条
[2026-08-21 12:06:22] [verbose] 当前可见含关键词消息: 1 条
[2026-08-21 12:06:31] 首次扫描完成，已记录 16 条可见消息作为基线
[2026-08-21 12:06:36] [verbose] 当前可见含关键词消息: 1 条
[2026-08-21 12:06:42] [verbose] 当前可见含关键词消息: 1 条
[2026-08-21 12:06:47] [verbose] 当前可见含关键词消息: 1 条
[2026-08-21 12:06:53] [verbose] 当前可见含关键词消息: 1 条
[2026-08-21 12:06:58] [verbose] 当前可见含关键词消息: 1 条
[2026-08-21 12:07:03] [verbose] 当前可见含关键词消息: 1 条
[2026-08-21 12:07:09] [verbose] 当前可见含关键词消息: 1 条
[2026-08-21 12:07:14] [verbose] 当前可见含关键词消息: 1 条
[2026-08-21 12:07:20] [verbose] 当前可见含关键词消息: 1 条
[2026-08-21 12:07:25] [verbose] 当前可见含关键词消息: 1 条
[2026-08-21 12:07:33] 首次扫描完成，已记录 16 条可见消息作为基线
[2026-08-21 12:07:39] [verbose] 当前可见含关键词消息: 1 条
[2026-08-21 12:07:44] [verbose] 当前可见含关键词消息: 1 条
[2026-08-21 12:07:50] [verbose] 当前可见含关键词消息: 1 条
[2026-08-21 12:07:55] [verbose] 当前可见含关键词消息: 2 条
[2026-08-21 12:07:55] [跳过] 5 分钟内已回复过，忽略触发: 半樽：广电已封堵
[2026-08-21 12:08:01] [verbose] 当前可见含关键词消息: 2 条
[2026-08-21 12:08:06] [verbose] 当前可见含关键词消息: 2 条
[2026-08-21 12:08:12] [verbose] 当前可见含关键词消息: 2 条
[2026-08-21 12:08:17] [verbose] 当前可见含关键词消息: 2 条
[2026-08-21 12:08:22] [verbose] 当前可见含关键词消息: 2 条
[2026-08-21 12:08:28] [verbose] 当前可见含关键词消息: 2 条
[2026-08-21 12:08:36] 首次扫描完成，已记录 16 条可见消息作为基线
[2026-08-21 12:08:42] [verbose] 当前可见含关键词消息: 2 条
[2026-08-21 12:08:47] [verbose] 当前可见含关键词消息: 2 条
[2026-08-21 12:08:52] [verbose] 当前可见含关键词消息: 2 条
[2026-08-21 12:08:58] [verbose] 当前可见含关键词消息: 2 条
[2026-08-21 12:09:03] [verbose] 当前可见含关键词消息: 2 条
[2026-08-21 12:09:09] [verbose] 当前可见含关键词消息: 2 条
[2026-08-21 12:09:14] [verbose] 当前可见含关键词消息: 2 条
[2026-08-21 12:09:20] [verbose] 当前可见含关键词消息: 2 条
[2026-08-21 12:09:25] [verbose] 当前可见含关键词消息: 2 条
[2026-08-21 12:09:30] [verbose] 当前可见含关键词消息: 2 条
[2026-08-21 12:09:39] 首次扫描完成，已记录 16 条可见消息作为基线
[2026-08-21 12:09:44] [verbose] 当前可见含关键词消息: 2 条
[2026-08-21 12:09:50] [verbose] 当前可见含关键词消息: 2 条
[2026-08-21 12:09:55] [verbose] 当前可见含关键词消息: 2 条
[2026-08-21 12:10:00] [verbose] 当前可见含关键词消息: 2 条
[2026-08-21 12:10:06] [verbose] 当前可见含关键词消息: 2 条
[2026-08-21 12:10:11] [verbose] 当前可见含关键词消息: 2 条
[2026-08-21 12:10:17] [verbose] 当前可见含关键词消息: 2 条
[2026-08-21 12:10:22] [verbose] 当前可见含关键词消息: 2 条
[2026-08-21 12:10:28] [verbose] 当前可见含关键词消息: 2 条
[2026-08-21 12:10:33] [verbose] 当前可见含关键词消息: 2 条
[2026-08-21 12:10:41] 首次扫描完成，已记录 16 条可见消息作为基线
[2026-08-21 12:10:47] [verbose] 当前可见含关键词消息: 2 条
[2026-08-21 12:10:52] [verbose] 当前可见含关键词消息: 2 条
[2026-08-21 12:10:58] [verbose] 当前可见含关键词消息: 2 条
[2026-08-21 12:11:03] [verbose] 当前可见含关键词消息: 2 条
[2026-08-21 12:11:08] [verbose] 当前可见含关键词消息: 2 条
[2026-08-21 12:11:14] [verbose] 当前可见含关键词消息: 2 条
[2026-08-21 12:11:19] [verbose] 当前可见含关键词消息: 2 条
[2026-08-21 12:11:25] [verbose] 当前可见含关键词消息: 2 条
[2026-08-21 12:11:30] [verbose] 当前可见含关键词消息: 2 条
[2026-08-21 12:11:35] [verbose] 当前可见含关键词消息: 2 条
[2026-08-21 12:11:44] 首次扫描完成，已记录 16 条可见消息作为基线
[2026-08-21 12:11:49] [verbose] 当前可见含关键词消息: 2 条
[2026-08-21 12:11:55] [verbose] 当前可见含关键词消息: 2 条
[2026-08-21 12:12:00] [verbose] 当前可见含关键词消息: 2 条
[2026-08-21 12:12:05] [verbose] 当前可见含关键词消息: 2 条
[2026-08-21 12:12:11] [verbose] 当前可见含关键词消息: 2 条
[2026-08-21 12:12:16] [verbose] 当前可见含关键词消息: 2 条
[2026-08-21 12:12:22] [verbose] 当前可见含关键词消息: 2 条
[2026-08-21 12:12:27] [verbose] 当前可见含关键词消息: 2 条
[2026-08-21 12:12:33] [verbose] 当前可见含关键词消息: 2 条
[2026-08-21 12:12:38] [verbose] 当前可见含关键词消息: 2 条
[2026-08-21 12:12:46] 首次扫描完成，已记录 16 条可见消息作为基线
[2026-08-21 12:12:52] [verbose] 当前可见含关键词消息: 3 条
[2026-08-21 12:12:57] [verbose] 当前可见含关键词消息: 3 条
[2026-08-21 12:13:03] [verbose] 当前可见含关键词消息: 3 条
[2026-08-21 12:13:08] [verbose] 当前可见含关键词消息: 3 条
[2026-08-21 12:13:13] [verbose] 当前可见含关键词消息: 3 条
[2026-08-21 12:13:19] [verbose] 当前可见含关键词消息: 3 条
[2026-08-21 12:13:24] [verbose] 当前可见含关键词消息: 3 条
[2026-08-21 12:13:30] [verbose] 当前可见含关键词消息: 3 条
[2026-08-21 12:13:35] [verbose] 当前可见含关键词消息: 3 条
[2026-08-21 12:13:41] [verbose] 当前可见含关键词消息: 3 条
[2026-08-21 12:13:49] 首次扫描完成，已记录 16 条可见消息作为基线
[2026-08-21 12:13:54] [verbose] 当前可见含关键词消息: 3 条
[2026-08-21 12:14:00] [verbose] 当前可见含关键词消息: 3 条
[2026-08-21 12:14:05] [verbose] 当前可见含关键词消息: 3 条
[2026-08-21 12:14:11] [verbose] 当前可见含关键词消息: 3 条
[2026-08-21 12:14:16] [verbose] 当前可见含关键词消息: 3 条
[2026-08-21 12:14:22] [verbose] 当前可见含关键词消息: 3 条
[2026-08-21 12:14:27] [verbose] 当前可见含关键词消息: 3 条
[2026-08-21 12:14:32] [verbose] 当前可见含关键词消息: 3 条
[2026-08-21 12:14:38] [verbose] 当前可见含关键词消息: 3 条
[2026-08-21 12:14:43] [verbose] 当前可见含关键词消息: 3 条
[2026-08-21 12:14:51] 首次扫描完成，已记录 16 条可见消息作为基线
[2026-08-21 12:14:57] [verbose] 当前可见含关键词消息: 3 条
[2026-08-21 12:15:02] [verbose] 当前可见含关键词消息: 3 条
[2026-08-21 12:15:08] [verbose] 当前可见含关键词消息: 3 条
[2026-08-21 12:15:13] [verbose] 当前可见含关键词消息: 3 条
[2026-08-21 12:15:19] [verbose] 当前可见含关键词消息: 3 条
[2026-08-21 12:15:24] [verbose] 当前可见含关键词消息: 3 条
[2026-08-21 12:15:29] [verbose] 当前可见含关键词消息: 3 条
[2026-08-21 12:15:35] [verbose] 当前可见含关键词消息: 3 条
[2026-08-21 12:15:40] [verbose] 当前可见含关键词消息: 3 条
[2026-08-21 12:15:46] [verbose] 当前可见含关键词消息: 3 条
[2026-08-21 12:15:54] 首次扫描完成，已记录 16 条可见消息作为基线
[2026-08-21 12:15:59] [verbose] 当前可见含关键词消息: 3 条
[2026-08-21 12:16:05] [verbose] 当前可见含关键词消息: 3 条
[2026-08-21 12:16:10] [verbose] 当前可见含关键词消息: 3 条
[2026-08-21 12:16:16] [verbose] 当前可见含关键词消息: 3 条
[2026-08-21 12:16:21] [verbose] 当前可见含关键词消息: 3 条
[2026-08-21 12:16:27] [verbose] 当前可见含关键词消息: 3 条
[2026-08-21 12:16:27] [计划] 检测到触发「广电已封堵」（新 1 条），将在 93s 后回复
[2026-08-21 12:16:33] [verbose] 当前可见含关键词消息: 3 条
[2026-08-21 12:16:38] [verbose] 当前可见含关键词消息: 3 条
[2026-08-21 12:16:43] [verbose] 当前可见含关键词消息: 3 条
[2026-08-21 12:16:49] [verbose] 当前可见含关键词消息: 3 条
[2026-08-21 12:16:57] 首次扫描完成，已记录 16 条可见消息作为基线
[2026-08-21 12:17:03] [verbose] 当前可见含关键词消息: 3 条
[2026-08-21 12:17:08] [verbose] 当前可见含关键词消息: 3 条
[2026-08-21 12:17:13] [verbose] 当前可见含关键词消息: 3 条
[2026-08-21 12:17:19] [verbose] 当前可见含关键词消息: 3 条
[2026-08-21 12:17:24] [verbose] 当前可见含关键词消息: 3 条
[2026-08-21 12:17:30] [verbose] 当前可见含关键词消息: 3 条
[2026-08-21 12:17:35] [verbose] 当前可见含关键词消息: 3 条
[2026-08-21 12:17:40] [verbose] 当前可见含关键词消息: 3 条
[2026-08-21 12:17:46] [verbose] 当前可见含关键词消息: 3 条
[2026-08-21 12:17:51] [verbose] 当前可见含关键词消息: 3 条
[2026-08-21 12:18:00] 首次扫描完成，已记录 16 条可见消息作为基线
[2026-08-21 12:18:05] [verbose] 当前可见含关键词消息: 3 条
[2026-08-21 12:18:09] [已回复] 联通已封堵
[2026-08-21 12:18:14] [verbose] 当前可见含关键词消息: 3 条
[2026-08-21 12:18:20] [verbose] 当前可见含关键词消息: 3 条
[2026-08-21 12:18:25] [verbose] 当前可见含关键词消息: 3 条
[2026-08-21 12:18:31] [verbose] 当前可见含关键词消息: 3 条
[2026-08-21 12:18:36] [verbose] 当前可见含关键词消息: 3 条
[2026-08-21 12:18:41] [verbose] 当前可见含关键词消息: 3 条
[2026-08-21 12:18:47] [verbose] 当前可见含关键词消息: 3 条
[2026-08-21 12:18:52] [verbose] 当前可见含关键词消息: 3 条
[2026-08-21 12:19:00] 首次扫描完成，已记录 16 条可见消息作为基线
[2026-08-21 12:19:06] [verbose] 当前可见含关键词消息: 2 条
[2026-08-21 12:19:11] [verbose] 当前可见含关键词消息: 2 条
[2026-08-21 12:19:17] [verbose] 当前可见含关键词消息: 2 条
[2026-08-21 12:19:22] [verbose] 当前可见含关键词消息: 2 条
[2026-08-21 12:19:28] [verbose] 当前可见含关键词消息: 2 条
[2026-08-21 12:19:33] [verbose] 当前可见含关键词消息: 2 条
[2026-08-21 12:19:39] [verbose] 当前可见含关键词消息: 2 条
[2026-08-21 12:19:44] [verbose] 当前可见含关键词消息: 2 条
[2026-08-21 12:19:49] [verbose] 当前可见含关键词消息: 2 条
[2026-08-21 12:19:55] [verbose] 当前可见含关键词消息: 2 条
[2026-08-21 12:20:03] 首次扫描完成，已记录 16 条可见消息作为基线
[2026-08-21 12:20:08] [verbose] 当前可见含关键词消息: 2 条
[2026-08-21 12:20:14] [verbose] 当前可见含关键词消息: 2 条
[2026-08-21 12:20:19] [verbose] 当前可见含关键词消息: 2 条
[2026-08-21 12:20:25] [verbose] 当前可见含关键词消息: 2 条
[2026-08-21 12:20:30] [verbose] 当前可见含关键词消息: 2 条
[2026-08-21 12:20:35] [verbose] 当前可见含关键词消息: 2 条
[2026-08-21 12:20:41] [verbose] 当前可见含关键词消息: 2 条
[2026-08-21 12:20:46] [verbose] 当前可见含关键词消息: 2 条
[2026-08-21 12:20:52] [verbose] 当前可见含关键词消息: 2 条
[2026-08-21 12:20:57] [verbose] 当前可见含关键词消息: 2 条
[2026-08-21 12:21:05] 首次扫描完成，已记录 16 条可见消息作为基线
[2026-08-21 12:21:11] [verbose] 当前可见含关键词消息: 2 条
[2026-08-21 12:21:16] [verbose] 当前可见含关键词消息: 2 条
[2026-08-21 12:21:22] [verbose] 当前可见含关键词消息: 2 条
[2026-08-21 12:21:27] [verbose] 当前可见含关键词消息: 2 条
[2026-08-21 12:21:32] [verbose] 当前可见含关键词消息: 2 条
[2026-08-21 12:21:38] [verbose] 当前可见含关键词消息: 2 条
[2026-08-21 12:21:43] [verbose] 当前可见含关键词消息: 2 条
[2026-08-21 12:21:49] [verbose] 当前可见含关键词消息: 2 条
[2026-08-21 12:21:54] [verbose] 当前可见含关键词消息: 2 条
[2026-08-21 12:21:59] [verbose] 当前可见含关键词消息: 2 条
[2026-08-21 12:22:08] 首次扫描完成，已记录 16 条可见消息作为基线
[2026-08-21 12:22:13] [verbose] 当前可见含关键词消息: 2 条
[2026-08-21 12:22:19] [verbose] 当前可见含关键词消息: 2 条
[2026-08-21 12:22:24] [verbose] 当前可见含关键词消息: 2 条
[2026-08-21 12:22:30] [verbose] 当前可见含关键词消息: 1 条
[2026-08-21 12:22:30] [跳过] 5 分钟内已回复过，忽略触发: 广电已封堵
[2026-08-21 12:22:35] [verbose] 当前可见含关键词消息: 1 条
[2026-08-21 12:22:40] [verbose] 当前可见含关键词消息: 1 条
[2026-08-21 12:22:46] [verbose] 当前可见含关键词消息: 1 条
[2026-08-21 12:22:51] [verbose] 当前可见含关键词消息: 1 条
[2026-08-21 12:22:57] [verbose] 当前可见含关键词消息: 1 条
[2026-08-21 12:23:02] [verbose] 当前可见含关键词消息: 1 条
[2026-08-21 12:23:10] 首次扫描完成，已记录 15 条可见消息作为基线
[2026-08-21 12:23:16] [verbose] 当前可见含关键词消息: 1 条
[2026-08-21 12:23:21] [verbose] 当前可见含关键词消息: 1 条
[2026-08-21 12:23:27] [verbose] 当前可见含关键词消息: 1 条
[2026-08-21 12:23:32] [verbose] 当前可见含关键词消息: 1 条
[2026-08-21 12:23:37] [verbose] 当前可见含关键词消息: 1 条
[2026-08-21 12:23:43] [verbose] 当前可见含关键词消息: 1 条
[2026-08-21 12:23:48] [verbose] 当前可见含关键词消息: 1 条
[2026-08-21 12:23:54] [verbose] 当前可见含关键词消息: 1 条
[2026-08-21 12:23:59] [verbose] 当前可见含关键词消息: 1 条
[2026-08-21 12:24:05] [verbose] 当前可见含关键词消息: 1 条
[2026-08-21 12:24:13] 首次扫描完成，已记录 15 条可见消息作为基线
[2026-08-21 12:24:18] [verbose] 当前可见含关键词消息: 1 条
[2026-08-21 12:24:24] [verbose] 当前可见含关键词消息: 1 条
[2026-08-21 12:24:29] [verbose] 当前可见含关键词消息: 1 条
[2026-08-21 12:24:35] [verbose] 当前可见含关键词消息: 1 条
[2026-08-21 12:24:40] [verbose] 当前可见含关键词消息: 1 条
[2026-08-21 12:24:45] [verbose] 当前可见含关键词消息: 1 条
[2026-08-21 12:24:51] [verbose] 当前可见含关键词消息: 1 条
[2026-08-21 12:24:56] [verbose] 当前可见含关键词消息: 1 条
[2026-08-21 12:25:02] [verbose] 当前可见含关键词消息: 1 条
[2026-08-21 12:25:07] [verbose] 当前可见含关键词消息: 1 条
[2026-08-21 12:25:15] 首次扫描完成，已记录 15 条可见消息作为基线
[2026-08-21 12:25:21] [verbose] 当前可见含关键词消息: 1 条
[2026-08-21 12:25:26] [verbose] 当前可见含关键词消息: 1 条
[2026-08-21 12:25:32] [verbose] 当前可见含关键词消息: 1 条
[2026-08-21 12:25:37] [verbose] 当前可见含关键词消息: 1 条
[2026-08-21 12:25:43] [verbose] 当前可见含关键词消息: 1 条
[2026-08-21 12:25:48] [verbose] 当前可见含关键词消息: 1 条
[2026-08-21 12:25:53] [verbose] 当前可见含关键词消息: 1 条
[2026-08-21 12:25:59] [verbose] 当前可见含关键词消息: 1 条
[2026-08-21 12:26:04] [verbose] 当前可见含关键词消息: 1 条
[2026-08-21 12:26:10] [verbose] 当前可见含关键词消息: 1 条
[2026-08-21 12:26:18] 首次扫描完成，已记录 15 条可见消息作为基线
[2026-08-21 12:26:23] [verbose] 当前可见含关键词消息: 1 条
[2026-08-21 12:26:29] [verbose] 当前可见含关键词消息: 1 条
[2026-08-21 12:26:34] [verbose] 当前可见含关键词消息: 1 条
[2026-08-21 12:26:40] [verbose] 当前可见含关键词消息: 1 条
[2026-08-21 12:26:46] [verbose] 当前可见含关键词消息: 1 条
[2026-08-21 12:26:46] [计划] 检测到触发「广电已封堵」（新 1 条），将在 77s 后回复
[2026-08-21 12:26:51] [verbose] 当前可见含关键词消息: 1 条
[2026-08-21 12:26:57] [verbose] 当前可见含关键词消息: 1 条
[2026-08-21 12:27:03] [verbose] 当前可见含关键词消息: 3 条
[2026-08-21 12:27:08] [verbose] 当前可见含关键词消息: 3 条
[2026-08-21 12:27:14] [verbose] 当前可见含关键词消息: 3 条
[2026-08-21 12:27:23] 首次扫描完成，已记录 18 条可见消息作为基线
[2026-08-21 12:27:29] [verbose] 当前可见含关键词消息: 2 条
[2026-08-21 12:27:35] [verbose] 当前可见含关键词消息: 1 条
[2026-08-21 12:27:41] [verbose] 当前可见含关键词消息: 1 条
[2026-08-21 12:27:46] [verbose] 当前可见含关键词消息: 1 条
[2026-08-21 12:27:52] [verbose] 当前可见含关键词消息: 1 条
[2026-08-21 12:27:57] [verbose] 当前可见含关键词消息: 1 条
[2026-08-21 12:28:04] [verbose] 当前可见含关键词消息: 1 条
[2026-08-21 12:28:07] [已回复] 联通已封堵
[2026-08-21 12:28:13] [verbose] 当前可见 17 条，未识别到关键词
[2026-08-21 12:28:19] [verbose] 当前可见 16 条，未识别到关键词
[2026-08-21 12:28:27] 首次扫描完成，已记录 19 条可见消息作为基线
[2026-08-21 12:28:33] [verbose] 当前可见 19 条，未识别到关键词
[2026-08-21 12:28:38] [verbose] 当前可见 19 条，未识别到关键词
[2026-08-21 12:28:44] [verbose] 当前可见 19 条，未识别到关键词
[2026-08-21 12:28:49] [verbose] 当前可见 17 条，未识别到关键词
[2026-08-21 12:28:54] [verbose] 当前可见 18 条，未识别到关键词
[2026-08-21 12:29:00] [verbose] 当前可见 18 条，未识别到关键词
[2026-08-21 12:29:05] [verbose] 当前可见 18 条，未识别到关键词
[2026-08-21 12:29:11] [verbose] 当前可见 18 条，未识别到关键词
[2026-08-21 12:29:16] [verbose] 当前可见 17 条，未识别到关键词
[2026-08-21 12:29:22] [verbose] 当前可见 17 条，未识别到关键词
[2026-08-21 12:29:30] 首次扫描完成，已记录 18 条可见消息作为基线
[2026-08-21 12:29:35] [verbose] 当前可见 17 条，未识别到关键词
[2026-08-21 12:29:41] [verbose] 当前可见 17 条，未识别到关键词
[2026-08-21 12:29:46] [verbose] 当前可见 17 条，未识别到关键词
[2026-08-21 12:29:52] [verbose] 当前可见 18 条，未识别到关键词
[2026-08-21 12:29:57] [verbose] 当前可见含关键词消息: 1 条
[2026-08-21 12:29:57] [跳过] 5 分钟内已回复过，忽略触发: 广电已封堵
[2026-08-21 12:30:03] [verbose] 当前可见含关键词消息: 1 条
[2026-08-21 12:30:09] [verbose] 当前可见含关键词消息: 1 条
[2026-08-21 12:30:14] [verbose] 当前可见含关键词消息: 1 条
[2026-08-21 12:30:20] [verbose] 当前可见含关键词消息: 1 条
[2026-08-21 12:30:26] [verbose] 当前可见含关键词消息: 1 条
[2026-08-21 12:30:34] 首次扫描完成，已记录 18 条可见消息作为基线
[2026-08-21 12:30:39] [verbose] 当前可见含关键词消息: 1 条
[2026-08-21 12:30:45] [verbose] 当前可见含关键词消息: 1 条
[2026-08-21 12:30:51] [verbose] 当前可见含关键词消息: 1 条
[2026-08-21 12:30:57] [verbose] 当前可见含关键词消息: 1 条
[2026-08-21 12:31:02] [verbose] 当前可见含关键词消息: 1 条
[2026-08-21 12:31:08] [verbose] 当前可见含关键词消息: 1 条
[2026-08-21 12:31:13] [verbose] 当前可见含关键词消息: 1 条
[2026-08-21 12:31:19] [verbose] 当前可见含关键词消息: 1 条
[2026-08-21 12:31:24] [verbose] 当前可见含关键词消息: 1 条
[2026-08-21 12:31:30] [verbose] 当前可见含关键词消息: 1 条
[2026-08-21 12:31:38] 首次扫描完成，已记录 19 条可见消息作为基线
[2026-08-21 12:31:43] [verbose] 当前可见含关键词消息: 1 条
[2026-08-21 12:31:49] [verbose] 当前可见含关键词消息: 1 条
[2026-08-21 12:31:54] [verbose] 当前可见含关键词消息: 1 条
[2026-08-21 12:32:00] [verbose] 当前可见含关键词消息: 1 条
[2026-08-21 12:32:05] [verbose] 当前可见含关键词消息: 1 条
[2026-08-21 12:32:11] [verbose] 当前可见含关键词消息: 1 条
[2026-08-21 12:32:16] [verbose] 当前可见含关键词消息: 1 条
[2026-08-21 12:32:21] [verbose] 当前可见含关键词消息: 1 条
[2026-08-21 12:32:27] [verbose] 当前可见含关键词消息: 1 条
[2026-08-21 12:32:32] [verbose] 当前可见含关键词消息: 1 条
[2026-08-21 12:32:41] 首次扫描完成，已记录 19 条可见消息作为基线
[2026-08-21 12:32:46] [verbose] 当前可见含关键词消息: 1 条
[2026-08-21 12:32:52] [verbose] 当前可见含关键词消息: 1 条
[2026-08-21 12:32:57] [verbose] 当前可见含关键词消息: 1 条
[2026-08-21 12:33:03] [verbose] 当前可见含关键词消息: 1 条
[2026-08-21 12:33:03] [跳过] 5 分钟内已回复过，忽略触发: 广电已封堵
[2026-08-21 12:33:08] [verbose] 当前可见含关键词消息: 1 条
[2026-08-21 12:33:14] [verbose] 当前可见含关键词消息: 1 条
[2026-08-21 12:33:19] [verbose] 当前可见含关键词消息: 1 条
[2026-08-21 12:33:25] [verbose] 当前可见含关键词消息: 1 条
[2026-08-21 12:33:31] [verbose] 当前可见含关键词消息: 1 条
[2026-08-21 12:33:36] [verbose] 当前可见含关键词消息: 1 条
[2026-08-21 12:33:45] 首次扫描完成，已记录 19 条可见消息作为基线
[2026-08-21 12:33:50] [verbose] 当前可见含关键词消息: 1 条
[2026-08-21 12:33:56] [verbose] 当前可见含关键词消息: 1 条
[2026-08-21 12:34:01] [verbose] 当前可见含关键词消息: 1 条
[2026-08-21 12:34:07] [verbose] 当前可见含关键词消息: 1 条
[2026-08-21 12:34:13] [verbose] 当前可见含关键词消息: 1 条
[2026-08-21 12:34:18] [verbose] 当前可见含关键词消息: 1 条
[2026-08-21 12:34:24] [verbose] 当前可见含关键词消息: 1 条
[2026-08-21 12:34:29] [verbose] 当前可见含关键词消息: 1 条
[2026-08-21 12:34:34] [verbose] 当前可见含关键词消息: 1 条
[2026-08-21 12:34:40] [verbose] 当前可见含关键词消息: 1 条
[2026-08-21 12:34:48] 首次扫描完成，已记录 18 条可见消息作为基线
[2026-08-21 12:34:54] [verbose] 当前可见含关键词消息: 1 条
[2026-08-21 12:34:59] [verbose] 当前可见含关键词消息: 1 条
[2026-08-21 12:35:05] [verbose] 当前可见含关键词消息: 1 条
[2026-08-21 12:35:10] [verbose] 当前可见含关键词消息: 1 条
[2026-08-21 12:35:15] [verbose] 当前可见含关键词消息: 1 条
[2026-08-21 12:35:21] [verbose] 当前可见含关键词消息: 1 条
[2026-08-21 12:35:26] [verbose] 当前可见含关键词消息: 1 条
[2026-08-21 12:35:32] [verbose] 当前可见含关键词消息: 1 条
[2026-08-21 12:35:37] [verbose] 当前可见含关键词消息: 1 条
[2026-08-21 12:35:43] [verbose] 当前可见含关键词消息: 1 条
[2026-08-21 12:35:51] 首次扫描完成，已记录 18 条可见消息作为基线
[2026-08-21 12:35:56] [verbose] 当前可见含关键词消息: 1 条
[2026-08-21 12:35:57] 已手动停止
